[0m[[0m[0mdebug[0m] [0m[0m> Exec(sbtStashOnFailure, None, None)[0m
[0m[[0m[0mdebug[0m] [0m[0m> Exec(sbtMapExec a39aaf0d-5658-4db2-8ad6-2989b85e7e6e __53c2581b-65f2-4e64-b5db-a1d061c91a13, None, None)[0m
[0m[[0m[0mdebug[0m] [0m[0m> Exec(testOnly core.TopTest -- -DwriteVcd=1, Some(__53c2581b-65f2-4e64-b5db-a1d061c91a13), Some(CommandSource(network-1)))[0m
[0m[[0m[0mdebug[0m] [0m[0munmatched Processing event for requestId Some(__53c2581b-65f2-4e64-b5db-a1d061c91a13): None[0m
[0m[[0m[0mdebug[0m] [0m[0mRunning task... Cancel: Signal, check cycles: false, forcegc: true[0m
[0m[[0m[0mdebug[0m] [0m[0mjsonRpcRequest: JsonRpcRequestMessage(2.0, 0ced5cf1-1485-4f78-a9c4-e35d99a1ff53, sbt/terminalPropertiesQuery, ""})[0m
[0m[[0m[0mdebug[0m] [0m[0mjsonRpcNotify: JsonRpcNotificationMessage(2.0, build/taskStart, {"taskId":{"id":"1","parents":[]},"eventTime":1789383515359,"message":"Compiling root","dataKind":"compile-task","data":{"target":{"uri":"file:/home/vboxuser/Desktop/RISCV/#root/Compile"}}})[0m
[0m[[0m[0mdebug[0m] [0m[0mjsonRpcRequest: JsonRpcRequestMessage(2.0, f4a0af10-95ab-40d7-83ed-0816cb261dc0, sbt/terminalPropertiesQuery, ""})[0m
[0m[[0m[0minfo[0m] [0m[0mcompiling 1 Scala source to /home/vboxuser/Desktop/RISCV/target/out/jvm/scala-2.12.13/riscv_project/classes ...[0m
[0m[[0m[0mdebug[0m] [0m[0mjsonRpcNotify: JsonRpcNotificationMessage(2.0, build/logMessage, {"type":3,"message":"compiling 1 Scala source to /home/vboxuser/Desktop/RISCV/target/out/jvm/scala-2.12.13/riscv_project/classes ..."})[0m
[0m[[0m[0mdebug[0m] [0m[0mjsonRpcRequest: JsonRpcRequestMessage(2.0, a0889b84-7dec-44aa-8520-5f7470087c2d, sbt/terminalPropertiesQuery, ""})[0m
[0m[[0m[0mdebug[0m] [0m[0mjsonRpcRequest: JsonRpcRequestMessage(2.0, 616571b8-d15d-4784-ab84-b82bbca3b186, sbt/terminalPropertiesQuery, ""})[0m
[0m[[0m[0mdebug[0m] [0m[0mjsonRpcRequest: JsonRpcRequestMessage(2.0, cde07083-a474-478f-a717-bd459aa878a6, sbt/terminalPropertiesQuery, ""})[0m
[0m[[0m[0mdebug[0m] [0m[0mjsonRpcNotify: JsonRpcNotificationMessage(2.0, build/taskProgress, {"taskId":{"id":"1","parents":[]},"eventTime":1789383520691,"message":"Compiling root (10%)","total":28,"progress":10,"dataKind":"compile-progress","data":{"target":{"uri":"file:/home/vboxuser/Desktop/RISCV/#root/Compile"}}})[0m
[0m[[0m[0mdebug[0m] [0m[0mjsonRpcNotify: JsonRpcNotificationMessage(2.0, build/taskProgress, {"taskId":{"id":"1","parents":[]},"eventTime":1789383520695,"message":"Compiling root (10%)","total":28,"progress":10,"dataKind":"compile-progress","data":{"target":{"uri":"file:/home/vboxuser/Desktop/RISCV/#root/Compile"}}})[0m
[0m[[0m[0mdebug[0m] [0m[0mjsonRpcRequest: JsonRpcRequestMessage(2.0, 3515d16f-2fe0-4b8c-a25e-dfa509f36859, sbt/terminalPropertiesQuery, ""})[0m
[0m[[0m[0mdebug[0m] [0m[0mjsonRpcNotify: JsonRpcNotificationMessage(2.0, build/taskProgress, {"taskId":{"id":"1","parents":[]},"eventTime":1789383522298,"message":"Compiling root (25%)","total":28,"progress":25,"dataKind":"compile-progress","data":{"target":{"uri":"file:/home/vboxuser/Desktop/RISCV/#root/Compile"}}})[0m
[0m[[0m[0mdebug[0m] [0m[0mjsonRpcNotify: JsonRpcNotificationMessage(2.0, build/taskProgress, {"taskId":{"id":"1","parents":[]},"eventTime":1789383522299,"message":"Compiling root (25%)","total":28,"progress":25,"dataKind":"compile-progress","data":{"target":{"uri":"file:/home/vboxuser/Desktop/RISCV/#root/Compile"}}})[0m
[0m[[0m[0mdebug[0m] [0m[0mjsonRpcNotify: JsonRpcNotificationMessage(2.0, build/taskProgress, {"taskId":{"id":"1","parents":[]},"eventTime":1789383522331,"message":"Compiling root (35%)","total":28,"progress":35,"dataKind":"compile-progress","data":{"target":{"uri":"file:/home/vboxuser/Desktop/RISCV/#root/Compile"}}})[0m
[0m[[0m[0mdebug[0m] [0m[0mjsonRpcNotify: JsonRpcNotificationMessage(2.0, build/taskProgress, {"taskId":{"id":"1","parents":[]},"eventTime":1789383522332,"message":"Compiling root (35%)","total":28,"progress":35,"dataKind":"compile-progress","data":{"target":{"uri":"file:/home/vboxuser/Desktop/RISCV/#root/Compile"}}})[0m
[0m[[0m[0mdebug[0m] [0m[0mjsonRpcNotify: JsonRpcNotificationMessage(2.0, build/taskProgress, {"taskId":{"id":"1","parents":[]},"eventTime":1789383522922,"message":"Compiling root (50%)","total":28,"progress":50,"dataKind":"compile-progress","data":{"target":{"uri":"file:/home/vboxuser/Desktop/RISCV/#root/Compile"}}})[0m
[0m[[0m[0mdebug[0m] [0m[0mjsonRpcNotify: JsonRpcNotificationMessage(2.0, build/taskProgress, {"taskId":{"id":"1","parents":[]},"eventTime":1789383522923,"message":"Compiling root (50%)","total":28,"progress":50,"dataKind":"compile-progress","data":{"target":{"uri":"file:/home/vboxuser/Desktop/RISCV/#root/Compile"}}})[0m
[0m[[0m[0mdebug[0m] [0m[0mjsonRpcNotify: JsonRpcNotificationMessage(2.0, build/taskProgress, {"taskId":{"id":"1","parents":[]},"eventTime":1789383523166,"message":"Compiling root (60%)","total":28,"progress":60,"dataKind":"compile-progress","data":{"target":{"uri":"file:/home/vboxuser/Desktop/RISCV/#root/Compile"}}})[0m
[0m[[0m[0mdebug[0m] [0m[0mjsonRpcRequest: JsonRpcRequestMessage(2.0, 654777ef-647b-42d0-9f99-cd85363ad7a2, sbt/terminalPropertiesQuery, ""})[0m
[0m[[0m[0mdebug[0m] [0m[0mjsonRpcNotify: JsonRpcNotificationMessage(2.0, build/taskProgress, {"taskId":{"id":"1","parents":[]},"eventTime":1789383523690,"message":"Compiling root (60%)","total":28,"progress":60,"dataKind":"compile-progress","data":{"target":{"uri":"file:/home/vboxuser/Desktop/RISCV/#root/Compile"}}})[0m
[0m[[0m[0mdebug[0m] [0m[0mjsonRpcNotify: JsonRpcNotificationMessage(2.0, build/taskProgress, {"taskId":{"id":"1","parents":[]},"eventTime":1789383523929,"message":"Compiling root (75%)","total":28,"progress":75,"dataKind":"compile-progress","data":{"target":{"uri":"file:/home/vboxuser/Desktop/RISCV/#root/Compile"}}})[0m
[0m[[0m[0mdebug[0m] [0m[0mjsonRpcNotify: JsonRpcNotificationMessage(2.0, build/taskProgress, {"taskId":{"id":"1","parents":[]},"eventTime":1789383523931,"message":"Compiling root (75%)","total":28,"progress":75,"dataKind":"compile-progress","data":{"target":{"uri":"file:/home/vboxuser/Desktop/RISCV/#root/Compile"}}})[0m
[0m[[0m[0mdebug[0m] [0m[0mjsonRpcNotify: JsonRpcNotificationMessage(2.0, build/taskProgress, {"taskId":{"id":"1","parents":[]},"eventTime":1789383524207,"message":"Compiling root (85%)","total":28,"progress":85,"dataKind":"compile-progress","data":{"target":{"uri":"file:/home/vboxuser/Desktop/RISCV/#root/Compile"}}})[0m
[0m[[0m[0mdebug[0m] [0m[0mjsonRpcNotify: JsonRpcNotificationMessage(2.0, build/taskProgress, {"taskId":{"id":"1","parents":[]},"eventTime":1789383524209,"message":"Compiling root (85%)","total":28,"progress":85,"dataKind":"compile-progress","data":{"target":{"uri":"file:/home/vboxuser/Desktop/RISCV/#root/Compile"}}})[0m
[0m[[0m[0mdebug[0m] [0m[0mjsonRpcNotify: JsonRpcNotificationMessage(2.0, build/taskProgress, {"taskId":{"id":"1","parents":[]},"eventTime":1789383524681,"message":"Compiling root (100%)","total":28,"progress":100,"dataKind":"compile-progress","data":{"target":{"uri":"file:/home/vboxuser/Desktop/RISCV/#root/Compile"}}})[0m
[0m[[0m[0mdebug[0m] [0m[0mjsonRpcNotify: JsonRpcNotificationMessage(2.0, build/taskProgress, {"taskId":{"id":"1","parents":[]},"eventTime":1789383524683,"message":"Compiling root (100%)","total":28,"progress":100,"dataKind":"compile-progress","data":{"target":{"uri":"file:/home/vboxuser/Desktop/RISCV/#root/Compile"}}})[0m
[0m[[0m[0mdebug[0m] [0m[0mjsonRpcNotify: JsonRpcNotificationMessage(2.0, build/publishDiagnostics, {"textDocument":{"uri":"file:///home/vboxuser/Desktop/RISCV/src/main/scala/core/SignalControl.scala"},"buildTarget":{"uri":"file:/home/vboxuser/Desktop/RISCV/#root/Compile"},"diagnostics":[],"reset":true})[0m
[0m[[0m[0mdebug[0m] [0m[0mjsonRpcNotify: JsonRpcNotificationMessage(2.0, build/publishDiagnostics, {"textDocument":{"uri":"file:///home/vboxuser/Desktop/RISCV/src/main/scala/core/ProgramCounter.scala"},"buildTarget":{"uri":"file:/home/vboxuser/Desktop/RISCV/#root/Compile"},"diagnostics":[],"reset":true})[0m
[0m[[0m[0mdebug[0m] [0m[0mjsonRpcNotify: JsonRpcNotificationMessage(2.0, build/publishDiagnostics, {"textDocument":{"uri":"file:///home/vboxuser/Desktop/RISCV/src/main/scala/core/InstMem.scala"},"buildTarget":{"uri":"file:/home/vboxuser/Desktop/RISCV/#root/Compile"},"diagnostics":[],"reset":true})[0m
[0m[[0m[0mdebug[0m] [0m[0mjsonRpcNotify: JsonRpcNotificationMessage(2.0, build/publishDiagnostics, {"textDocument":{"uri":"file:///home/vboxuser/Desktop/RISCV/src/main/scala/core/DataMem.scala"},"buildTarget":{"uri":"file:/home/vboxuser/Desktop/RISCV/#root/Compile"},"diagnostics":[],"reset":true})[0m
[0m[[0m[0mdebug[0m] [0m[0mjsonRpcNotify: JsonRpcNotificationMessage(2.0, build/publishDiagnostics, {"textDocument":{"uri":"file:///home/vboxuser/Desktop/RISCV/src/main/scala/core/OperandA_sel.scala"},"buildTarget":{"uri":"file:/home/vboxuser/Desktop/RISCV/#root/Compile"},"diagnostics":[],"reset":true})[0m
[0m[[0m[0mdebug[0m] [0m[0mjsonRpcNotify: JsonRpcNotificationMessage(2.0, build/publishDiagnostics, {"textDocument":{"uri":"file:///home/vboxuser/Desktop/RISCV/src/main/scala/core/ALUControl.scala"},"buildTarget":{"uri":"file:/home/vboxuser/Desktop/RISCV/#root/Compile"},"diagnostics":[],"reset":true})[0m
[0m[[0m[0mdebug[0m] [0m[0mjsonRpcNotify: JsonRpcNotificationMessage(2.0, build/publishDiagnostics, {"textDocument":{"uri":"file:///home/vboxuser/Desktop/RISCV/src/main/scala/core/Imm_gen.scala"},"buildTarget":{"uri":"file:/home/vboxuser/Desktop/RISCV/#root/Compile"},"diagnostics":[],"reset":true})[0m
[0m[[0m[0mdebug[0m] [0m[0mjsonRpcNotify: JsonRpcNotificationMessage(2.0, build/publishDiagnostics, {"textDocument":{"uri":"file:///home/vboxuser/Desktop/RISCV/src/main/scala/core/NextPc.scala"},"buildTarget":{"uri":"file:/home/vboxuser/Desktop/RISCV/#root/Compile"},"diagnostics":[],"reset":true})[0m
[0m[[0m[0mdebug[0m] [0m[0mjsonRpcNotify: JsonRpcNotificationMessage(2.0, build/publishDiagnostics, {"textDocument":{"uri":"file:///home/vboxuser/Desktop/RISCV/src/main/scala/core/Top.scala"},"buildTarget":{"uri":"file:/home/vboxuser/Desktop/RISCV/#root/Compile"},"diagnostics":[],"reset":true})[0m
[0m[[0m[0mdebug[0m] [0m[0mjsonRpcNotify: JsonRpcNotificationMessage(2.0, build/publishDiagnostics, {"textDocument":{"uri":"file:///home/vboxuser/Desktop/RISCV/src/main/scala/core/Jalr.scala"},"buildTarget":{"uri":"file:/home/vboxuser/Desktop/RISCV/#root/Compile"},"diagnostics":[],"reset":true})[0m
[0m[[0m[0mdebug[0m] [0m[0mjsonRpcNotify: JsonRpcNotificationMessage(2.0, build/publishDiagnostics, {"textDocument":{"uri":"file:///home/vboxuser/Desktop/RISCV/src/main/scala/core/ALUOP.scala"},"buildTarget":{"uri":"file:/home/vboxuser/Desktop/RISCV/#root/Compile"},"diagnostics":[],"reset":true})[0m
[0m[[0m[0mdebug[0m] [0m[0mjsonRpcNotify: JsonRpcNotificationMessage(2.0, build/publishDiagnostics, {"textDocument":{"uri":"file:///home/vboxuser/Desktop/RISCV/src/main/scala/core/ALU.scala"},"buildTarget":{"uri":"file:/home/vboxuser/Desktop/RISCV/#root/Compile"},"diagnostics":[],"reset":true})[0m
[0m[[0m[0mdebug[0m] [0m[0mjsonRpcNotify: JsonRpcNotificationMessage(2.0, build/publishDiagnostics, {"textDocument":{"uri":"file:///home/vboxuser/Desktop/RISCV/src/main/scala/core/TypeControl.scala"},"buildTarget":{"uri":"file:/home/vboxuser/Desktop/RISCV/#root/Compile"},"diagnostics":[],"reset":true})[0m
[0m[[0m[0mdebug[0m] [0m[0mjsonRpcNotify: JsonRpcNotificationMessage(2.0, build/publishDiagnostics, {"textDocument":{"uri":"file:///home/vboxuser/Desktop/RISCV/src/main/scala/core/Controller.scala"},"buildTarget":{"uri":"file:/home/vboxuser/Desktop/RISCV/#root/Compile"},"diagnostics":[],"reset":true})[0m
[0m[[0m[0mdebug[0m] [0m[0mjsonRpcNotify: JsonRpcNotificationMessage(2.0, build/publishDiagnostics, {"textDocument":{"uri":"file:///home/vboxuser/Desktop/RISCV/src/main/scala/core/AluOpController.scala"},"buildTarget":{"uri":"file:/home/vboxuser/Desktop/RISCV/#root/Compile"},"diagnostics":[],"reset":true})[0m
[0m[[0m[0mdebug[0m] [0m[0mjsonRpcNotify: JsonRpcNotificationMessage(2.0, build/publishDiagnostics, {"textDocument":{"uri":"file:///home/vboxuser/Desktop/RISCV/src/main/scala/core/RegFile.scala"},"buildTarget":{"uri":"file:/home/vboxuser/Desktop/RISCV/#root/Compile"},"diagnostics":[],"reset":true})[0m
[0m[[0m[0mdebug[0m] [0m[0mjsonRpcNotify: JsonRpcNotificationMessage(2.0, build/taskFinish, {"taskId":{"id":"1","parents":[]},"eventTime":1789383525176,"message":"Compiled root","status":1,"dataKind":"compile-report","data":{"target":{"uri":"file:/home/vboxuser/Desktop/RISCV/#root/Compile"},"errors":0,"warnings":0,"time":9817,"noOp":false}})[0m
[0m[[0m[0mdebug[0m] [0m[0mjsonRpcRequest: JsonRpcRequestMessage(2.0, 63b07aa8-1d21-4772-b1f9-cdc2e87b9b26, sbt/terminalPropertiesQuery, ""})[0m
[0m[[0m[0mdebug[0m] [0m[0mjsonRpcNotify: JsonRpcNotificationMessage(2.0, build/taskStart, {"taskId":{"id":"2","parents":[]},"eventTime":1789383525387,"message":"Compiling root-test","dataKind":"compile-task","data":{"target":{"uri":"file:/home/vboxuser/Desktop/RISCV/#root/Test"}}})[0m
[0m[[0m[0mdebug[0m] [0m[0mjsonRpcNotify: JsonRpcNotificationMessage(2.0, build/publishDiagnostics, {"textDocument":{"uri":"file:///home/vboxuser/Desktop/RISCV/src/test/scala/core/TopTest.scala"},"buildTarget":{"uri":"file:/home/vboxuser/Desktop/RISCV/#root/Test"},"diagnostics":[],"reset":true})[0m
[0m[[0m[0mdebug[0m] [0m[0mjsonRpcNotify: JsonRpcNotificationMessage(2.0, build/publishDiagnostics, {"textDocument":{"uri":"file:///home/vboxuser/Desktop/RISCV/src/test/scala/core/InstMem_Test.scala"},"buildTarget":{"uri":"file:/home/vboxuser/Desktop/RISCV/#root/Test"},"diagnostics":[],"reset":true})[0m
[0m[[0m[0mdebug[0m] [0m[0mjsonRpcNotify: JsonRpcNotificationMessage(2.0, build/publishDiagnostics, {"textDocument":{"uri":"file:///home/vboxuser/Desktop/RISCV/src/test/scala/core/RegFileTest.scala"},"buildTarget":{"uri":"file:/home/vboxuser/Desktop/RISCV/#root/Test"},"diagnostics":[],"reset":true})[0m
[0m[[0m[0mdebug[0m] [0m[0mjsonRpcNotify: JsonRpcNotificationMessage(2.0, build/publishDiagnostics, {"textDocument":{"uri":"file:///home/vboxuser/Desktop/RISCV/src/test/scala/core/ControllerTest.scala"},"buildTarget":{"uri":"file:/home/vboxuser/Desktop/RISCV/#root/Test"},"diagnostics":[],"reset":true})[0m
[0m[[0m[0mdebug[0m] [0m[0mjsonRpcNotify: JsonRpcNotificationMessage(2.0, build/publishDiagnostics, {"textDocument":{"uri":"file:///home/vboxuser/Desktop/RISCV/src/test/scala/core/imm_genTest.scala"},"buildTarget":{"uri":"file:/home/vboxuser/Desktop/RISCV/#root/Test"},"diagnostics":[],"reset":true})[0m
[0m[[0m[0mdebug[0m] [0m[0mjsonRpcNotify: JsonRpcNotificationMessage(2.0, build/publishDiagnostics, {"textDocument":{"uri":"file:///home/vboxuser/Desktop/RISCV/src/test/scala/core/DataMem_Test.scala"},"buildTarget":{"uri":"file:/home/vboxuser/Desktop/RISCV/#root/Test"},"diagnostics":[],"reset":true})[0m
[0m[[0m[0mdebug[0m] [0m[0mjsonRpcNotify: JsonRpcNotificationMessage(2.0, build/taskFinish, {"taskId":{"id":"2","parents":[]},"eventTime":1789383526309,"message":"Compiled root-test","status":1,"dataKind":"compile-report","data":{"target":{"uri":"file:/home/vboxuser/Desktop/RISCV/#root/Test"},"errors":0,"warnings":0,"time":922,"noOp":true}})[0m
[0m[[0m[0mdebug[0m] [0m[0mjsonRpcRequest: JsonRpcRequestMessage(2.0, 394afaad-d1e3-4f55-82e3-dd09945ef7e8, sbt/terminalPropertiesQuery, ""})[0m
[0m[[0m[0mdebug[0m] [0m[0m> Exec(testSelected core.TopTest -- -DwriteVcd=1, None, Some(CommandSource(network-1)))[0m
[0m[[0m[0mdebug[0m] [0m[0munmatched Processing event for requestId None: None[0m
[0m[[0m[0mdebug[0m] [0m[0mEvaluating tasks: Test / testSelected[0m
[0m[[0m[0mdebug[0m] [0m[0mRunning task... Cancel: Signal, check cycles: false, forcegc: true[0m
[0m[[0m[0mdebug[0m] [0m[0mjsonRpcNotify: JsonRpcNotificationMessage(2.0, build/taskStart, {"taskId":{"id":"3","parents":[]},"eventTime":1789383527158,"message":"Compiling root","dataKind":"compile-task","data":{"target":{"uri":"file:/home/vboxuser/Desktop/RISCV/#root/Compile"}}})[0m
[0m[[0m[0mdebug[0m] [0m[0mjsonRpcNotify: JsonRpcNotificationMessage(2.0, build/taskFinish, {"taskId":{"id":"3","parents":[]},"eventTime":1789383527196,"message":"Compiled root","status":1,"dataKind":"compile-report","data":{"target":{"uri":"file:/home/vboxuser/Desktop/RISCV/#root/Compile"},"errors":0,"warnings":0,"time":38,"noOp":true}})[0m
[0m[[0m[0mdebug[0m] [0m[0mjsonRpcNotify: JsonRpcNotificationMessage(2.0, build/taskStart, {"taskId":{"id":"4","parents":[]},"eventTime":1789383527273,"message":"Compiling root-test","dataKind":"compile-task","data":{"target":{"uri":"file:/home/vboxuser/Desktop/RISCV/#root/Test"}}})[0m
[0m[[0m[0mdebug[0m] [0m[0mjsonRpcNotify: JsonRpcNotificationMessage(2.0, build/taskFinish, {"taskId":{"id":"4","parents":[]},"eventTime":1789383527285,"message":"Compiled root-test","status":1,"dataKind":"compile-report","data":{"target":{"uri":"file:/home/vboxuser/Desktop/RISCV/#root/Test"},"errors":0,"warnings":0,"time":12,"noOp":true}})[0m
[0m[[0m[0mdebug[0m] [0m[0mjsonRpcRequest: JsonRpcRequestMessage(2.0, 7731eba9-6e64-4bd5-95e1-2446fb6e826f, sbt/terminalPropertiesQuery, ""})[0m
[0m[[0m[0mdebug[0m] [0m[0mjsonRpcRequest: JsonRpcRequestMessage(2.0, cd4508a0-6dc0-405a-8a43-b28386eb9a70, sbt/terminalPropertiesQuery, ""})[0m
[0m[[0m[0mdebug[0m] [0m[0mjsonRpcRequest: JsonRpcRequestMessage(2.0, 365835c0-bf58-4e37-8b97-d0c0ea629701, sbt/terminalPropertiesQuery, ""})[0m
[0m[[0m[0mdebug[0m] [0m[0mjsonRpcRequest: JsonRpcRequestMessage(2.0, 800dd778-204e-41d3-94d9-98062f5b690a, sbt/terminalPropertiesQuery, ""})[0m
[0m[[0m[0mdebug[0m] [0m[0mjsonRpcRequest: JsonRpcRequestMessage(2.0, 020ae311-e94d-439d-b423-beba89b9bcc4, sbt/terminalPropertiesQuery, ""})[0m
[0m[[0m[0mdebug[0m] [0m[0mjsonRpcRequest: JsonRpcRequestMessage(2.0, bbeacb02-5694-4588-ad30-1e65b36b933d, sbt/terminalPropertiesQuery, ""})[0m
[0m[[0m[0mdebug[0m] [0m[0mjsonRpcRequest: JsonRpcRequestMessage(2.0, 7e263afa-ce37-4e0f-9579-1fc5af1b3a47, sbt/terminalPropertiesQuery, ""})[0m
[0m[[0m[0mdebug[0m] [0m[0mjsonRpcRequest: JsonRpcRequestMessage(2.0, c7fc155f-f29b-406c-9426-551d1ce39c62, sbt/terminalPropertiesQuery, ""})[0m
[0m[[0m[0minfo[0m] [0m[0m[32mTopTest:[0m[0m
[0m[[0m[0minfo[0m] [0m[0m[32mTop module[0m[0m
[0m[[0m[0minfo[0m] [0m[0m[32m- should execute all instructions[0m[0m
[0m[[0m[0mdebug[0m] [0m[0mjsonRpcNotify: JsonRpcNotificationMessage(2.0, build/logMessage, {"type":3,"message":"\u001b[32mTopTest:\u001b[0m"})[0m
[0m[[0m[0mdebug[0m] [0m[0mjsonRpcNotify: JsonRpcNotificationMessage(2.0, build/logMessage, {"type":3,"message":"\u001b[32mTop module\u001b[0m"})[0m
[0m[[0m[0mdebug[0m] [0m[0mjsonRpcNotify: JsonRpcNotificationMessage(2.0, build/logMessage, {"type":3,"message":"\u001b[32m- should execute all instructions\u001b[0m"})[0m
[0m[[0m[0minfo[0m] [0m[0m[36mRun completed in 9 seconds, 232 milliseconds.[0m[0m
[0m[[0m[0minfo[0m] [0m[0m[36mTotal number of tests run: 1[0m[0m
[0m[[0m[0minfo[0m] [0m[0m[36mSuites: completed 1, aborted 0[0m[0m
[0m[[0m[0minfo[0m] [0m[0m[36mTests: succeeded 1, failed 0, canceled 0, ignored 0, pending 0[0m[0m
[0m[[0m[0minfo[0m] [0m[0m[32mAll tests passed.[0m[0m
[0m[[0m[0mdebug[0m] [0m[0mjsonRpcNotify: JsonRpcNotificationMessage(2.0, build/logMessage, {"type":3,"message":"\u001b[36mRun completed in 9 seconds, 232 milliseconds.\u001b[0m\n\u001b[36mTotal number of tests run: 1\u001b[0m\n\u001b[36mSuites: completed 1, aborted 0\u001b[0m\n\u001b[36mTests: succeeded 1, failed 0, canceled 0, ignored 0, pending 0\u001b[0m\n\u001b[32mAll tests passed.\u001b[0m"})[0m
[0m[[0m[32msuccess[0m] [0m[0melapsed time: 12 s, cache 89%, 26 disk cache hits, 3 onsite tasks[0m
[0m[[0m[0mdebug[0m] [0m[0munmatched Done event for requestId None: None[0m
[0m[[0m[0mdebug[0m] [0m[0m> Exec(sbtCompleteExec a39aaf0d-5658-4db2-8ad6-2989b85e7e6e, None, None)[0m
[0m[[0m[0mdebug[0m] [0m[0m> Exec(resumeFromFailure, None, None)[0m
[0m[[0m[0mdebug[0m] [0m[0m> Exec(sbtPopOnFailure, None, None)[0m
[0m[[0m[0mdebug[0m] [0m[0m> Exec(sbtReportResult a39aaf0d-5658-4db2-8ad6-2989b85e7e6e, Some(a39aaf0d-5658-4db2-8ad6-2989b85e7e6e), Some(CommandSource(network-1)))[0m
[0m[[0m[0mdebug[0m] [0m[0munmatched Processing event for requestId Some(a39aaf0d-5658-4db2-8ad6-2989b85e7e6e): None[0m
[0m[[0m[0mdebug[0m] [0m[0munmatched json response for requestId Some(a39aaf0d-5658-4db2-8ad6-2989b85e7e6e): {"status":"Done","channelName":"network-1","execId":"a39aaf0d-5658-4db2-8ad6-2989b85e7e6e","commandQueue":["shell"],"exitCode":0}[0m
[0m[[0m[0mdebug[0m] [0m[0m> Exec(shell, None, None)[0m
[0m[[0m[0mdebug[0m] [0m[0mjsonRpcRequest: JsonRpcRequestMessage(2.0, 6c1de991-2fb4-434c-8510-8d0a03262fbf, sbt/getTerminalAttributes, {}})[0m
[0m[[0m[0mdebug[0m] [0m[0mjsonRpcRequest: JsonRpcRequestMessage(2.0, e960528c-247b-46d2-9806-96bd6bfcb3d6, sbt/terminalSetRawMode, {"toggle":true}})[0m
[0m[[0m[0mdebug[0m] [0m[0mjsonRpcRequest: JsonRpcRequestMessage(2.0, 6a97ebe8-92f8-4234-840e-601cddcbaa1b, sbt/getTerminalAttributes, {}})[0m
[0m[[0m[0mdebug[0m] [0m[0mjsonRpcNotify: JsonRpcNotificationMessage(2.0, sbt/readSystemIn, "")[0m
