[0m[[0m[0mdebug[0m] [0m[0m> Exec(sbtStashOnFailure, None, None)[0m
[0m[[0m[0mdebug[0m] [0m[0m> Exec(sbtMapExec 1a5b08df-d8dc-4294-88e0-371771ca9910 __ed1a7b57-2403-4c98-bd0b-80a82a083048, None, None)[0m
[0m[[0m[0mdebug[0m] [0m[0m> Exec(testOnly core.TopTest -- -DwriteVcd=1, Some(__ed1a7b57-2403-4c98-bd0b-80a82a083048), Some(CommandSource(network-1)))[0m
[0m[[0m[0mdebug[0m] [0m[0munmatched Processing event for requestId Some(__ed1a7b57-2403-4c98-bd0b-80a82a083048): None[0m
[0m[[0m[0mdebug[0m] [0m[0mRunning task... Cancel: Signal, check cycles: false, forcegc: true[0m
[0m[[0m[0mdebug[0m] [0m[0mjsonRpcNotify: JsonRpcNotificationMessage(2.0, build/taskStart, {"taskId":{"id":"15","parents":[]},"eventTime":1789375062934,"message":"Compiling root","dataKind":"compile-task","data":{"target":{"uri":"file:/home/vboxuser/Desktop/RISCV/#root/Compile"}}})[0m
[0m[[0m[0mdebug[0m] [0m[0mjsonRpcRequest: JsonRpcRequestMessage(2.0, 56cd7c0a-fabb-48b6-be47-2df6c59eff94, sbt/terminalPropertiesQuery, ""})[0m
[0m[[0m[0minfo[0m] [0m[0mcompiling 1 Scala source to /home/vboxuser/Desktop/RISCV/target/out/jvm/scala-2.12.13/riscv_project/classes ...[0m
[0m[[0m[0mdebug[0m] [0m[0mjsonRpcNotify: JsonRpcNotificationMessage(2.0, build/logMessage, {"type":3,"message":"compiling 1 Scala source to /home/vboxuser/Desktop/RISCV/target/out/jvm/scala-2.12.13/riscv_project/classes ..."})[0m
[0m[[0m[0mdebug[0m] [0m[0mjsonRpcNotify: JsonRpcNotificationMessage(2.0, build/taskProgress, {"taskId":{"id":"15","parents":[]},"eventTime":1789375063190,"message":"Compiling root (10%)","total":28,"progress":10,"dataKind":"compile-progress","data":{"target":{"uri":"file:/home/vboxuser/Desktop/RISCV/#root/Compile"}}})[0m
[0m[[0m[0mdebug[0m] [0m[0mjsonRpcNotify: JsonRpcNotificationMessage(2.0, build/taskProgress, {"taskId":{"id":"15","parents":[]},"eventTime":1789375063191,"message":"Compiling root (10%)","total":28,"progress":10,"dataKind":"compile-progress","data":{"target":{"uri":"file:/home/vboxuser/Desktop/RISCV/#root/Compile"}}})[0m
[0m[[0m[0mdebug[0m] [0m[0mjsonRpcNotify: JsonRpcNotificationMessage(2.0, build/taskProgress, {"taskId":{"id":"15","parents":[]},"eventTime":1789375063542,"message":"Compiling root (25%)","total":28,"progress":25,"dataKind":"compile-progress","data":{"target":{"uri":"file:/home/vboxuser/Desktop/RISCV/#root/Compile"}}})[0m
[0m[[0m[0mdebug[0m] [0m[0mjsonRpcNotify: JsonRpcNotificationMessage(2.0, build/taskProgress, {"taskId":{"id":"15","parents":[]},"eventTime":1789375063543,"message":"Compiling root (25%)","total":28,"progress":25,"dataKind":"compile-progress","data":{"target":{"uri":"file:/home/vboxuser/Desktop/RISCV/#root/Compile"}}})[0m
[0m[[0m[0mdebug[0m] [0m[0mjsonRpcNotify: JsonRpcNotificationMessage(2.0, build/taskProgress, {"taskId":{"id":"15","parents":[]},"eventTime":1789375063551,"message":"Compiling root (35%)","total":28,"progress":35,"dataKind":"compile-progress","data":{"target":{"uri":"file:/home/vboxuser/Desktop/RISCV/#root/Compile"}}})[0m
[0m[[0m[0mdebug[0m] [0m[0mjsonRpcNotify: JsonRpcNotificationMessage(2.0, build/taskProgress, {"taskId":{"id":"15","parents":[]},"eventTime":1789375063555,"message":"Compiling root (35%)","total":28,"progress":35,"dataKind":"compile-progress","data":{"target":{"uri":"file:/home/vboxuser/Desktop/RISCV/#root/Compile"}}})[0m
[0m[[0m[0mdebug[0m] [0m[0mjsonRpcNotify: JsonRpcNotificationMessage(2.0, build/taskProgress, {"taskId":{"id":"15","parents":[]},"eventTime":1789375063671,"message":"Compiling root (50%)","total":28,"progress":50,"dataKind":"compile-progress","data":{"target":{"uri":"file:/home/vboxuser/Desktop/RISCV/#root/Compile"}}})[0m
[0m[[0m[0mdebug[0m] [0m[0mjsonRpcNotify: JsonRpcNotificationMessage(2.0, build/taskProgress, {"taskId":{"id":"15","parents":[]},"eventTime":1789375063672,"message":"Compiling root (50%)","total":28,"progress":50,"dataKind":"compile-progress","data":{"target":{"uri":"file:/home/vboxuser/Desktop/RISCV/#root/Compile"}}})[0m
[0m[[0m[0mdebug[0m] [0m[0mjsonRpcNotify: JsonRpcNotificationMessage(2.0, build/taskProgress, {"taskId":{"id":"15","parents":[]},"eventTime":1789375063730,"message":"Compiling root (60%)","total":28,"progress":60,"dataKind":"compile-progress","data":{"target":{"uri":"file:/home/vboxuser/Desktop/RISCV/#root/Compile"}}})[0m
[0m[[0m[0mdebug[0m] [0m[0mjsonRpcNotify: JsonRpcNotificationMessage(2.0, build/taskProgress, {"taskId":{"id":"15","parents":[]},"eventTime":1789375063893,"message":"Compiling root (60%)","total":28,"progress":60,"dataKind":"compile-progress","data":{"target":{"uri":"file:/home/vboxuser/Desktop/RISCV/#root/Compile"}}})[0m
[0m[[0m[0mdebug[0m] [0m[0mjsonRpcNotify: JsonRpcNotificationMessage(2.0, build/taskProgress, {"taskId":{"id":"15","parents":[]},"eventTime":1789375063952,"message":"Compiling root (75%)","total":28,"progress":75,"dataKind":"compile-progress","data":{"target":{"uri":"file:/home/vboxuser/Desktop/RISCV/#root/Compile"}}})[0m
[0m[[0m[0mdebug[0m] [0m[0mjsonRpcNotify: JsonRpcNotificationMessage(2.0, build/taskProgress, {"taskId":{"id":"15","parents":[]},"eventTime":1789375063953,"message":"Compiling root (75%)","total":28,"progress":75,"dataKind":"compile-progress","data":{"target":{"uri":"file:/home/vboxuser/Desktop/RISCV/#root/Compile"}}})[0m
[0m[[0m[0mdebug[0m] [0m[0mjsonRpcNotify: JsonRpcNotificationMessage(2.0, build/taskProgress, {"taskId":{"id":"15","parents":[]},"eventTime":1789375064050,"message":"Compiling root (85%)","total":28,"progress":85,"dataKind":"compile-progress","data":{"target":{"uri":"file:/home/vboxuser/Desktop/RISCV/#root/Compile"}}})[0m
[0m[[0m[0mdebug[0m] [0m[0mjsonRpcNotify: JsonRpcNotificationMessage(2.0, build/taskProgress, {"taskId":{"id":"15","parents":[]},"eventTime":1789375064051,"message":"Compiling root (85%)","total":28,"progress":85,"dataKind":"compile-progress","data":{"target":{"uri":"file:/home/vboxuser/Desktop/RISCV/#root/Compile"}}})[0m
[0m[[0m[0mdebug[0m] [0m[0mjsonRpcNotify: JsonRpcNotificationMessage(2.0, build/taskProgress, {"taskId":{"id":"15","parents":[]},"eventTime":1789375064149,"message":"Compiling root (100%)","total":28,"progress":100,"dataKind":"compile-progress","data":{"target":{"uri":"file:/home/vboxuser/Desktop/RISCV/#root/Compile"}}})[0m
[0m[[0m[0mdebug[0m] [0m[0mjsonRpcNotify: JsonRpcNotificationMessage(2.0, build/taskProgress, {"taskId":{"id":"15","parents":[]},"eventTime":1789375064150,"message":"Compiling root (100%)","total":28,"progress":100,"dataKind":"compile-progress","data":{"target":{"uri":"file:/home/vboxuser/Desktop/RISCV/#root/Compile"}}})[0m
[0m[[0m[0mdebug[0m] [0m[0mjsonRpcNotify: JsonRpcNotificationMessage(2.0, build/taskFinish, {"taskId":{"id":"15","parents":[]},"eventTime":1789375064255,"message":"Compiled root","status":1,"dataKind":"compile-report","data":{"target":{"uri":"file:/home/vboxuser/Desktop/RISCV/#root/Compile"},"errors":0,"warnings":0,"time":1321,"noOp":false}})[0m
[0m[[0m[0mdebug[0m] [0m[0mjsonRpcNotify: JsonRpcNotificationMessage(2.0, build/taskStart, {"taskId":{"id":"16","parents":[]},"eventTime":1789375064338,"message":"Compiling root-test","dataKind":"compile-task","data":{"target":{"uri":"file:/home/vboxuser/Desktop/RISCV/#root/Test"}}})[0m
[0m[[0m[0mdebug[0m] [0m[0mjsonRpcRequest: JsonRpcRequestMessage(2.0, dd6f4542-3642-4909-b710-8b6ecb72dae5, sbt/terminalPropertiesQuery, ""})[0m
[0m[[0m[0minfo[0m] [0m[0mcompiling 1 Scala source to /home/vboxuser/Desktop/RISCV/target/out/jvm/scala-2.12.13/riscv_project/test-classes ...[0m
[0m[[0m[0mdebug[0m] [0m[0mjsonRpcNotify: JsonRpcNotificationMessage(2.0, build/logMessage, {"type":3,"message":"compiling 1 Scala source to /home/vboxuser/Desktop/RISCV/target/out/jvm/scala-2.12.13/riscv_project/test-classes ..."})[0m
[0m[[0m[0mdebug[0m] [0m[0mjsonRpcNotify: JsonRpcNotificationMessage(2.0, build/taskProgress, {"taskId":{"id":"16","parents":[]},"eventTime":1789375064521,"message":"Compiling root-test (10%)","total":28,"progress":10,"dataKind":"compile-progress","data":{"target":{"uri":"file:/home/vboxuser/Desktop/RISCV/#root/Test"}}})[0m
[0m[[0m[0mdebug[0m] [0m[0mjsonRpcNotify: JsonRpcNotificationMessage(2.0, build/taskProgress, {"taskId":{"id":"16","parents":[]},"eventTime":1789375064521,"message":"Compiling root-test (10%)","total":28,"progress":10,"dataKind":"compile-progress","data":{"target":{"uri":"file:/home/vboxuser/Desktop/RISCV/#root/Test"}}})[0m
[0m[[0m[0mdebug[0m] [0m[0mjsonRpcNotify: JsonRpcNotificationMessage(2.0, build/taskProgress, {"taskId":{"id":"16","parents":[]},"eventTime":1789375064719,"message":"Compiling root-test (25%)","total":28,"progress":25,"dataKind":"compile-progress","data":{"target":{"uri":"file:/home/vboxuser/Desktop/RISCV/#root/Test"}}})[0m
[0m[[0m[0mdebug[0m] [0m[0mjsonRpcNotify: JsonRpcNotificationMessage(2.0, build/taskProgress, {"taskId":{"id":"16","parents":[]},"eventTime":1789375064720,"message":"Compiling root-test (25%)","total":28,"progress":25,"dataKind":"compile-progress","data":{"target":{"uri":"file:/home/vboxuser/Desktop/RISCV/#root/Test"}}})[0m
[0m[[0m[0mdebug[0m] [0m[0mjsonRpcNotify: JsonRpcNotificationMessage(2.0, build/taskProgress, {"taskId":{"id":"16","parents":[]},"eventTime":1789375064723,"message":"Compiling root-test (35%)","total":28,"progress":35,"dataKind":"compile-progress","data":{"target":{"uri":"file:/home/vboxuser/Desktop/RISCV/#root/Test"}}})[0m
[0m[[0m[0mdebug[0m] [0m[0mjsonRpcNotify: JsonRpcNotificationMessage(2.0, build/taskProgress, {"taskId":{"id":"16","parents":[]},"eventTime":1789375064724,"message":"Compiling root-test (35%)","total":28,"progress":35,"dataKind":"compile-progress","data":{"target":{"uri":"file:/home/vboxuser/Desktop/RISCV/#root/Test"}}})[0m
[0m[[0m[0mdebug[0m] [0m[0mjsonRpcNotify: JsonRpcNotificationMessage(2.0, build/taskProgress, {"taskId":{"id":"16","parents":[]},"eventTime":1789375064828,"message":"Compiling root-test (50%)","total":28,"progress":50,"dataKind":"compile-progress","data":{"target":{"uri":"file:/home/vboxuser/Desktop/RISCV/#root/Test"}}})[0m
[0m[[0m[0mdebug[0m] [0m[0mjsonRpcNotify: JsonRpcNotificationMessage(2.0, build/taskProgress, {"taskId":{"id":"16","parents":[]},"eventTime":1789375064828,"message":"Compiling root-test (50%)","total":28,"progress":50,"dataKind":"compile-progress","data":{"target":{"uri":"file:/home/vboxuser/Desktop/RISCV/#root/Test"}}})[0m
[0m[[0m[0mdebug[0m] [0m[0mjsonRpcNotify: JsonRpcNotificationMessage(2.0, build/taskProgress, {"taskId":{"id":"16","parents":[]},"eventTime":1789375064914,"message":"Compiling root-test (60%)","total":28,"progress":60,"dataKind":"compile-progress","data":{"target":{"uri":"file:/home/vboxuser/Desktop/RISCV/#root/Test"}}})[0m
[0m[[0m[0mdebug[0m] [0m[0mjsonRpcNotify: JsonRpcNotificationMessage(2.0, build/taskProgress, {"taskId":{"id":"16","parents":[]},"eventTime":1789375065054,"message":"Compiling root-test (60%)","total":28,"progress":60,"dataKind":"compile-progress","data":{"target":{"uri":"file:/home/vboxuser/Desktop/RISCV/#root/Test"}}})[0m
[0m[[0m[0mdebug[0m] [0m[0mjsonRpcNotify: JsonRpcNotificationMessage(2.0, build/taskProgress, {"taskId":{"id":"16","parents":[]},"eventTime":1789375065097,"message":"Compiling root-test (75%)","total":28,"progress":75,"dataKind":"compile-progress","data":{"target":{"uri":"file:/home/vboxuser/Desktop/RISCV/#root/Test"}}})[0m
[0m[[0m[0mdebug[0m] [0m[0mjsonRpcNotify: JsonRpcNotificationMessage(2.0, build/taskProgress, {"taskId":{"id":"16","parents":[]},"eventTime":1789375065097,"message":"Compiling root-test (75%)","total":28,"progress":75,"dataKind":"compile-progress","data":{"target":{"uri":"file:/home/vboxuser/Desktop/RISCV/#root/Test"}}})[0m
[0m[[0m[0mdebug[0m] [0m[0mjsonRpcNotify: JsonRpcNotificationMessage(2.0, build/taskProgress, {"taskId":{"id":"16","parents":[]},"eventTime":1789375065155,"message":"Compiling root-test (85%)","total":28,"progress":85,"dataKind":"compile-progress","data":{"target":{"uri":"file:/home/vboxuser/Desktop/RISCV/#root/Test"}}})[0m
[0m[[0m[0mdebug[0m] [0m[0mjsonRpcNotify: JsonRpcNotificationMessage(2.0, build/taskProgress, {"taskId":{"id":"16","parents":[]},"eventTime":1789375065156,"message":"Compiling root-test (85%)","total":28,"progress":85,"dataKind":"compile-progress","data":{"target":{"uri":"file:/home/vboxuser/Desktop/RISCV/#root/Test"}}})[0m
[0m[[0m[0mdebug[0m] [0m[0mjsonRpcNotify: JsonRpcNotificationMessage(2.0, build/taskProgress, {"taskId":{"id":"16","parents":[]},"eventTime":1789375065252,"message":"Compiling root-test (100%)","total":28,"progress":100,"dataKind":"compile-progress","data":{"target":{"uri":"file:/home/vboxuser/Desktop/RISCV/#root/Test"}}})[0m
[0m[[0m[0mdebug[0m] [0m[0mjsonRpcNotify: JsonRpcNotificationMessage(2.0, build/taskProgress, {"taskId":{"id":"16","parents":[]},"eventTime":1789375065253,"message":"Compiling root-test (100%)","total":28,"progress":100,"dataKind":"compile-progress","data":{"target":{"uri":"file:/home/vboxuser/Desktop/RISCV/#root/Test"}}})[0m
[0m[[0m[0mdebug[0m] [0m[0mjsonRpcNotify: JsonRpcNotificationMessage(2.0, build/taskFinish, {"taskId":{"id":"16","parents":[]},"eventTime":1789375065296,"message":"Compiled root-test","status":1,"dataKind":"compile-report","data":{"target":{"uri":"file:/home/vboxuser/Desktop/RISCV/#root/Test"},"errors":0,"warnings":0,"time":958,"noOp":false}})[0m
[0m[[0m[0mdebug[0m] [0m[0mjsonRpcRequest: JsonRpcRequestMessage(2.0, 5ff18559-0e0b-481a-8fc3-4b3ec40dbbe0, sbt/terminalPropertiesQuery, ""})[0m
[0m[[0m[0mdebug[0m] [0m[0m> Exec(testSelected core.TopTest -- -DwriteVcd=1, None, Some(CommandSource(network-1)))[0m
[0m[[0m[0mdebug[0m] [0m[0munmatched Processing event for requestId None: None[0m
[0m[[0m[0mdebug[0m] [0m[0mEvaluating tasks: Test / testSelected[0m
[0m[[0m[0mdebug[0m] [0m[0mRunning task... Cancel: Signal, check cycles: false, forcegc: true[0m
[0m[[0m[0mdebug[0m] [0m[0mjsonRpcNotify: JsonRpcNotificationMessage(2.0, build/taskStart, {"taskId":{"id":"17","parents":[]},"eventTime":1789375065591,"message":"Compiling root","dataKind":"compile-task","data":{"target":{"uri":"file:/home/vboxuser/Desktop/RISCV/#root/Compile"}}})[0m
[0m[[0m[0mdebug[0m] [0m[0mjsonRpcNotify: JsonRpcNotificationMessage(2.0, build/taskFinish, {"taskId":{"id":"17","parents":[]},"eventTime":1789375065617,"message":"Compiled root","status":1,"dataKind":"compile-report","data":{"target":{"uri":"file:/home/vboxuser/Desktop/RISCV/#root/Compile"},"errors":0,"warnings":0,"time":26,"noOp":true}})[0m
[0m[[0m[0mdebug[0m] [0m[0mjsonRpcNotify: JsonRpcNotificationMessage(2.0, build/taskStart, {"taskId":{"id":"18","parents":[]},"eventTime":1789375065708,"message":"Compiling root-test","dataKind":"compile-task","data":{"target":{"uri":"file:/home/vboxuser/Desktop/RISCV/#root/Test"}}})[0m
[0m[[0m[0mdebug[0m] [0m[0mjsonRpcNotify: JsonRpcNotificationMessage(2.0, build/taskFinish, {"taskId":{"id":"18","parents":[]},"eventTime":1789375065721,"message":"Compiled root-test","status":1,"dataKind":"compile-report","data":{"target":{"uri":"file:/home/vboxuser/Desktop/RISCV/#root/Test"},"errors":0,"warnings":0,"time":13,"noOp":true}})[0m
[0m[[0m[0mdebug[0m] [0m[0mjsonRpcRequest: JsonRpcRequestMessage(2.0, 5bfa11c0-5f6a-4e18-bfba-4c1d5d34a21f, sbt/terminalPropertiesQuery, ""})[0m
[0m[[0m[0mdebug[0m] [0m[0mjsonRpcRequest: JsonRpcRequestMessage(2.0, b7bb40fc-71d8-4d79-9f6a-e6bcc5352659, sbt/terminalPropertiesQuery, ""})[0m
[0m[[0m[0mdebug[0m] [0m[0mjsonRpcRequest: JsonRpcRequestMessage(2.0, 7b8f5e50-e463-4a1d-80f4-e0982c356325, sbt/terminalPropertiesQuery, ""})[0m
[0m[[0m[0mdebug[0m] [0m[0mjsonRpcRequest: JsonRpcRequestMessage(2.0, 406c6a32-1abf-4749-8eda-c4c60b950e9b, sbt/terminalPropertiesQuery, ""})[0m
[0m[[0m[0mdebug[0m] [0m[0mjsonRpcRequest: JsonRpcRequestMessage(2.0, d965d8dd-e58f-4941-b3c2-7785f6ef86ff, sbt/terminalPropertiesQuery, ""})[0m
[0m[[0m[0minfo[0m] [0m[0m[32mTopTest:[0m[0m
[0m[[0m[0minfo[0m] [0m[0m[31m- Verify Top *** FAILED ***[0m[0m
[0m[[0m[0minfo[0m] [0m[0m[31m  java.io.FileNotFoundException: /home/vboxuser/Desktop/RISCV/instruction.txt (No such file or directory)[0m[0m
[0m[[0m[0minfo[0m] [0m[0m[31m  at java.base/java.io.FileInputStream.open0(Native Method)[0m[0m
[0m[[0m[0minfo[0m] [0m[0m[31m  at java.base/java.io.FileInputStream.open(FileInputStream.java:216)[0m[0m
[0m[[0m[0minfo[0m] [0m[0m[31m  at java.base/java.io.FileInputStream.<init>(FileInputStream.java:157)[0m[0m
[0m[[0m[0minfo[0m] [0m[0m[31m  at scala.io.Source$.fromFile(Source.scala:94)[0m[0m
[0m[[0m[0minfo[0m] [0m[0m[31m  at scala.io.Source$.fromFile(Source.scala:79)[0m[0m
[0m[[0m[0minfo[0m] [0m[0m[31m  at firrtl.FileUtils$.getLines(FileUtils.scala:110)[0m[0m
[0m[[0m[0minfo[0m] [0m[0m[31m  at firrtl.FileUtils$.getLines(FileUtils.scala:102)[0m[0m
[0m[[0m[0minfo[0m] [0m[0m[31m  at treadle.executable.MemoryInitializer.doInitialize(Memory.scala:665)[0m[0m
[0m[[0m[0minfo[0m] [0m[0m[31m  at treadle.executable.MemoryInitializer.$anonfun$initializeMemoriesFromFiles$1(Memory.scala:681)[0m[0m
[0m[[0m[0minfo[0m] [0m[0m[31m  at treadle.executable.MemoryInitializer.$anonfun$initializeMemoriesFromFiles$1$adapted(Memory.scala:680)[0m[0m
[0m[[0m[0minfo[0m] [0m[0m[31m  ...[0m[0m
[0m[[0m[0mdebug[0m] [0m[0mjsonRpcNotify: JsonRpcNotificationMessage(2.0, build/logMessage, {"type":3,"message":"\u001b[32mTopTest:\u001b[0m"})[0m
[0m[[0m[0mdebug[0m] [0m[0mjsonRpcNotify: JsonRpcNotificationMessage(2.0, build/logMessage, {"type":3,"message":"\u001b[31m- Verify Top *** FAILED ***\u001b[0m"})[0m
[0m[[0m[0mdebug[0m] [0m[0mjsonRpcNotify: JsonRpcNotificationMessage(2.0, build/logMessage, {"type":3,"message":"\u001b[31m  java.io.FileNotFoundException: /home/vboxuser/Desktop/RISCV/instruction.txt (No such file or directory)\u001b[0m"})[0m
[0m[[0m[0mdebug[0m] [0m[0mjsonRpcNotify: JsonRpcNotificationMessage(2.0, build/logMessage, {"type":3,"message":"\u001b[31m  at java.base/java.io.FileInputStream.open0(Native Method)\u001b[0m"})[0m
[0m[[0m[0mdebug[0m] [0m[0mjsonRpcNotify: JsonRpcNotificationMessage(2.0, build/logMessage, {"type":3,"message":"\u001b[31m  at java.base/java.io.FileInputStream.open(FileInputStream.java:216)\u001b[0m"})[0m
[0m[[0m[0mdebug[0m] [0m[0mjsonRpcNotify: JsonRpcNotificationMessage(2.0, build/logMessage, {"type":3,"message":"\u001b[31m  at java.base/java.io.FileInputStream.<init>(FileInputStream.java:157)\u001b[0m"})[0m
[0m[[0m[0mdebug[0m] [0m[0mjsonRpcNotify: JsonRpcNotificationMessage(2.0, build/logMessage, {"type":3,"message":"\u001b[31m  at scala.io.Source$.fromFile(Source.scala:94)\u001b[0m"})[0m
[0m[[0m[0mdebug[0m] [0m[0mjsonRpcNotify: JsonRpcNotificationMessage(2.0, build/logMessage, {"type":3,"message":"\u001b[31m  at scala.io.Source$.fromFile(Source.scala:79)\u001b[0m"})[0m
[0m[[0m[0mdebug[0m] [0m[0mjsonRpcNotify: JsonRpcNotificationMessage(2.0, build/logMessage, {"type":3,"message":"\u001b[31m  at firrtl.FileUtils$.getLines(FileUtils.scala:110)\u001b[0m"})[0m
[0m[[0m[0mdebug[0m] [0m[0mjsonRpcNotify: JsonRpcNotificationMessage(2.0, build/logMessage, {"type":3,"message":"\u001b[31m  at firrtl.FileUtils$.getLines(FileUtils.scala:102)\u001b[0m"})[0m
[0m[[0m[0mdebug[0m] [0m[0mjsonRpcNotify: JsonRpcNotificationMessage(2.0, build/logMessage, {"type":3,"message":"\u001b[31m  at treadle.executable.MemoryInitializer.doInitialize(Memory.scala:665)\u001b[0m"})[0m
[0m[[0m[0mdebug[0m] [0m[0mjsonRpcNotify: JsonRpcNotificationMessage(2.0, build/logMessage, {"type":3,"message":"\u001b[31m  at treadle.executable.MemoryInitializer.$anonfun$initializeMemoriesFromFiles$1(Memory.scala:681)\u001b[0m"})[0m
[0m[[0m[0mdebug[0m] [0m[0mjsonRpcNotify: JsonRpcNotificationMessage(2.0, build/logMessage, {"type":3,"message":"\u001b[31m  at treadle.executable.MemoryInitializer.$anonfun$initializeMemoriesFromFiles$1$adapted(Memory.scala:680)\u001b[0m"})[0m
[0m[[0m[0mdebug[0m] [0m[0mjsonRpcNotify: JsonRpcNotificationMessage(2.0, build/logMessage, {"type":3,"message":"\u001b[31m  ...\u001b[0m"})[0m
[0m[[0m[0minfo[0m] [0m[0m[36mRun completed in 6 seconds, 450 milliseconds.[0m[0m
[0m[[0m[0minfo[0m] [0m[0m[36mTotal number of tests run: 1[0m[0m
[0m[[0m[0minfo[0m] [0m[0m[36mSuites: completed 1, aborted 0[0m[0m
[0m[[0m[0minfo[0m] [0m[0m[36mTests: succeeded 0, failed 1, canceled 0, ignored 0, pending 0[0m[0m
[0m[[0m[0minfo[0m] [0m[0m[31m*** 1 TEST FAILED ***[0m[0m
[0m[[0m[0mdebug[0m] [0m[0mjsonRpcNotify: JsonRpcNotificationMessage(2.0, build/logMessage, {"type":3,"message":"\u001b[36mRun completed in 6 seconds, 450 milliseconds.\u001b[0m\n\u001b[36mTotal number of tests run: 1\u001b[0m\n\u001b[36mSuites: completed 1, aborted 0\u001b[0m\n\u001b[36mTests: succeeded 0, failed 1, canceled 0, ignored 0, pending 0\u001b[0m\n\u001b[31m*** 1 TEST FAILED ***\u001b[0m"})[0m
[0m[[0m[31merror[0m] [0m[0mFailed tests:[0m
[0m[[0m[0mdebug[0m] [0m[0mjsonRpcNotify: JsonRpcNotificationMessage(2.0, build/logMessage, {"type":1,"message":"Failed tests:"})[0m
[0m[[0m[31merror[0m] [0m[0m	core.TopTest[0m
[0m[[0m[0mdebug[0m] [0m[0mjsonRpcNotify: JsonRpcNotificationMessage(2.0, build/logMessage, {"type":1,"message":"\tcore.TopTest"})[0m
[0m[[0m[0mdebug[0m] [0m[0munmatched json error for requestId None: {"code":-32603,"message":"(Test / \u001b[31mtestSelected\u001b[0m) sbt.TestsFailedException: Tests unsuccessful"}[0m
[0m[[0m[31merror[0m] [0m[0m(Test / [31mtestSelected[0m) sbt.TestsFailedException: Tests unsuccessful[0m
[0m[[0m[0mdebug[0m] [0m[0mjsonRpcNotify: JsonRpcNotificationMessage(2.0, build/logMessage, {"type":1,"message":"(Test / \u001b[31mtestSelected\u001b[0m) sbt.TestsFailedException: Tests unsuccessful"})[0m
[0m[[0m[31merror[0m] [0m[0melapsed time: 7 s, cache 92%, 26 disk cache hits, 2 onsite tasks[0m
[0m[[0m[0mdebug[0m] [0m[0munmatched Done event for requestId None: None[0m
[0m[[0m[0mdebug[0m] [0m[0m> Exec(resumeFromFailure, None, None)[0m
[0m[[0m[0mdebug[0m] [0m[0m> Exec(sbtPopOnFailure, None, None)[0m
[0m[[0m[0mdebug[0m] [0m[0m> Exec(sbtReportResult 1a5b08df-d8dc-4294-88e0-371771ca9910, Some(1a5b08df-d8dc-4294-88e0-371771ca9910), Some(CommandSource(network-1)))[0m
[0m[[0m[0mdebug[0m] [0m[0munmatched Processing event for requestId Some(1a5b08df-d8dc-4294-88e0-371771ca9910): None[0m
[0m[[0m[0mdebug[0m] [0m[0munmatched json error for requestId Some(1a5b08df-d8dc-4294-88e0-371771ca9910): {"code":-33000,"message":""}[0m
[0m[[0m[0mdebug[0m] [0m[0m> Exec(shell, None, None)[0m
[0m[[0m[0mdebug[0m] [0m[0mjsonRpcRequest: JsonRpcRequestMessage(2.0, 743ece3d-39d2-47f7-9459-a9b147c39006, sbt/getTerminalAttributes, {}})[0m
[0m[[0m[0mdebug[0m] [0m[0mjsonRpcRequest: JsonRpcRequestMessage(2.0, 2e7e52e6-568a-4264-80a9-3ec9361d4602, sbt/terminalSetRawMode, {"toggle":true}})[0m
[0m[[0m[0mdebug[0m] [0m[0mjsonRpcRequest: JsonRpcRequestMessage(2.0, 44ef41bb-41f0-48ef-bc77-740f52dc9b5d, sbt/getTerminalAttributes, {}})[0m
[0m[[0m[0mdebug[0m] [0m[0mjsonRpcNotify: JsonRpcNotificationMessage(2.0, sbt/readSystemIn, "")[0m
