[0m[[0m[0mdebug[0m] [0m[0m> Exec(sbtStashOnFailure, None, None)[0m
[0m[[0m[0mdebug[0m] [0m[0m> Exec(sbtMapExec 7ced85df-c2e2-4be6-82ce-7e25fe479322 __c6808c0f-8227-488c-9489-fab040f789a8, None, None)[0m
[0m[[0m[0mdebug[0m] [0m[0m> Exec(testOnly Top, Some(__c6808c0f-8227-488c-9489-fab040f789a8), Some(CommandSource(network-1)))[0m
[0m[[0m[0mdebug[0m] [0m[0munmatched Processing event for requestId Some(__c6808c0f-8227-488c-9489-fab040f789a8): None[0m
[0m[[0m[0mdebug[0m] [0m[0mRunning task... Cancel: Signal, check cycles: false, forcegc: true[0m
[0m[[0m[0mdebug[0m] [0m[0mjsonRpcNotify: JsonRpcNotificationMessage(2.0, build/taskStart, {"taskId":{"id":"3","parents":[]},"eventTime":1789367560379,"message":"Compiling root","dataKind":"compile-task","data":{"target":{"uri":"file:/home/vboxuser/Desktop/Jahad/#root/Compile"}}})[0m
[0m[[0m[0mdebug[0m] [0m[0mjsonRpcRequest: JsonRpcRequestMessage(2.0, 5d5e5d5d-e417-4ebd-939e-7fb528c829de, sbt/terminalPropertiesQuery, ""})[0m
[0m[[0m[0minfo[0m] [0m[0mcompiling 16 Scala sources to /home/vboxuser/Desktop/Jahad/target/out/jvm/scala-2.12.13/riscv_project/classes ...[0m
[0m[[0m[0mdebug[0m] [0m[0mjsonRpcNotify: JsonRpcNotificationMessage(2.0, build/logMessage, {"type":3,"message":"compiling 16 Scala sources to /home/vboxuser/Desktop/Jahad/target/out/jvm/scala-2.12.13/riscv_project/classes ..."})[0m
[0m[[0m[0mdebug[0m] [0m[0mjsonRpcNotify: JsonRpcNotificationMessage(2.0, build/taskProgress, {"taskId":{"id":"3","parents":[]},"eventTime":1789367560820,"message":"Compiling root (0%)","total":448,"progress":0,"dataKind":"compile-progress","data":{"target":{"uri":"file:/home/vboxuser/Desktop/Jahad/#root/Compile"}}})[0m
[0m[[0m[0mdebug[0m] [0m[0mjsonRpcNotify: JsonRpcNotificationMessage(2.0, build/taskProgress, {"taskId":{"id":"3","parents":[]},"eventTime":1789367560828,"message":"Compiling root (0%)","total":448,"progress":0,"dataKind":"compile-progress","data":{"target":{"uri":"file:/home/vboxuser/Desktop/Jahad/#root/Compile"}}})[0m
[0m[[0m[0mdebug[0m] [0m[0mjsonRpcNotify: JsonRpcNotificationMessage(2.0, build/taskProgress, {"taskId":{"id":"3","parents":[]},"eventTime":1789367560837,"message":"Compiling root (0%)","total":448,"progress":0,"dataKind":"compile-progress","data":{"target":{"uri":"file:/home/vboxuser/Desktop/Jahad/#root/Compile"}}})[0m
[0m[[0m[0mdebug[0m] [0m[0mjsonRpcNotify: JsonRpcNotificationMessage(2.0, build/taskProgress, {"taskId":{"id":"3","parents":[]},"eventTime":1789367560844,"message":"Compiling root (0%)","total":448,"progress":0,"dataKind":"compile-progress","data":{"target":{"uri":"file:/home/vboxuser/Desktop/Jahad/#root/Compile"}}})[0m
[0m[[0m[0mdebug[0m] [0m[0mjsonRpcNotify: JsonRpcNotificationMessage(2.0, build/taskProgress, {"taskId":{"id":"3","parents":[]},"eventTime":1789367561114,"message":"Compiling root (5%)","total":448,"progress":5,"dataKind":"compile-progress","data":{"target":{"uri":"file:/home/vboxuser/Desktop/Jahad/#root/Compile"}}})[0m
[0m[[0m[0mdebug[0m] [0m[0mjsonRpcNotify: JsonRpcNotificationMessage(2.0, build/taskProgress, {"taskId":{"id":"3","parents":[]},"eventTime":1789367561125,"message":"Compiling root (5%)","total":448,"progress":5,"dataKind":"compile-progress","data":{"target":{"uri":"file:/home/vboxuser/Desktop/Jahad/#root/Compile"}}})[0m
[0m[[0m[0mdebug[0m] [0m[0mjsonRpcNotify: JsonRpcNotificationMessage(2.0, build/taskProgress, {"taskId":{"id":"3","parents":[]},"eventTime":1789367561131,"message":"Compiling root (5%)","total":448,"progress":5,"dataKind":"compile-progress","data":{"target":{"uri":"file:/home/vboxuser/Desktop/Jahad/#root/Compile"}}})[0m
[0m[[0m[0mdebug[0m] [0m[0mjsonRpcNotify: JsonRpcNotificationMessage(2.0, build/taskProgress, {"taskId":{"id":"3","parents":[]},"eventTime":1789367561139,"message":"Compiling root (5%)","total":448,"progress":5,"dataKind":"compile-progress","data":{"target":{"uri":"file:/home/vboxuser/Desktop/Jahad/#root/Compile"}}})[0m
[0m[[0m[0mdebug[0m] [0m[0mjsonRpcNotify: JsonRpcNotificationMessage(2.0, build/taskProgress, {"taskId":{"id":"3","parents":[]},"eventTime":1789367561179,"message":"Compiling root (10%)","total":448,"progress":10,"dataKind":"compile-progress","data":{"target":{"uri":"file:/home/vboxuser/Desktop/Jahad/#root/Compile"}}})[0m
[0m[[0m[0mdebug[0m] [0m[0mjsonRpcNotify: JsonRpcNotificationMessage(2.0, build/taskProgress, {"taskId":{"id":"3","parents":[]},"eventTime":1789367561181,"message":"Compiling root (10%)","total":448,"progress":10,"dataKind":"compile-progress","data":{"target":{"uri":"file:/home/vboxuser/Desktop/Jahad/#root/Compile"}}})[0m
[0m[[0m[0mdebug[0m] [0m[0mjsonRpcNotify: JsonRpcNotificationMessage(2.0, build/taskProgress, {"taskId":{"id":"3","parents":[]},"eventTime":1789367561182,"message":"Compiling root (10%)","total":448,"progress":10,"dataKind":"compile-progress","data":{"target":{"uri":"file:/home/vboxuser/Desktop/Jahad/#root/Compile"}}})[0m
[0m[[0m[0mdebug[0m] [0m[0mjsonRpcNotify: JsonRpcNotificationMessage(2.0, build/taskProgress, {"taskId":{"id":"3","parents":[]},"eventTime":1789367561183,"message":"Compiling root (10%)","total":448,"progress":10,"dataKind":"compile-progress","data":{"target":{"uri":"file:/home/vboxuser/Desktop/Jahad/#root/Compile"}}})[0m
[0m[[0m[0mdebug[0m] [0m[0mjsonRpcNotify: JsonRpcNotificationMessage(2.0, build/taskProgress, {"taskId":{"id":"3","parents":[]},"eventTime":1789367561184,"message":"Compiling root (10%)","total":448,"progress":10,"dataKind":"compile-progress","data":{"target":{"uri":"file:/home/vboxuser/Desktop/Jahad/#root/Compile"}}})[0m
[0m[[0m[0mdebug[0m] [0m[0mjsonRpcRequest: JsonRpcRequestMessage(2.0, 3bf62256-a3f5-42fb-b4c7-3a3a740e1639, sbt/terminalPropertiesQuery, ""})[0m
[0m[[0m[0mdebug[0m] [0m[0mjsonRpcNotify: JsonRpcNotificationMessage(2.0, build/taskProgress, {"taskId":{"id":"3","parents":[]},"eventTime":1789367563598,"message":"Compiling root (10%)","total":448,"progress":10,"dataKind":"compile-progress","data":{"target":{"uri":"file:/home/vboxuser/Desktop/Jahad/#root/Compile"}}})[0m
[0m[[0m[0mdebug[0m] [0m[0mjsonRpcRequest: JsonRpcRequestMessage(2.0, ca410ebb-80c7-4042-bd92-af2ec289279c, sbt/terminalPropertiesQuery, ""})[0m
[0m[[0m[0mdebug[0m] [0m[0mjsonRpcRequest: JsonRpcRequestMessage(2.0, 8d9d273d-bbaf-4a66-89c2-e459ff153628, sbt/terminalPropertiesQuery, ""})[0m
[0m[[0m[0mdebug[0m] [0m[0mjsonRpcNotify: JsonRpcNotificationMessage(2.0, build/taskProgress, {"taskId":{"id":"3","parents":[]},"eventTime":1789367566333,"message":"Compiling root (15%)","total":448,"progress":15,"dataKind":"compile-progress","data":{"target":{"uri":"file:/home/vboxuser/Desktop/Jahad/#root/Compile"}}})[0m
[0m[[0m[0mdebug[0m] [0m[0mjsonRpcNotify: JsonRpcNotificationMessage(2.0, build/taskProgress, {"taskId":{"id":"3","parents":[]},"eventTime":1789367566339,"message":"Compiling root (15%)","total":448,"progress":15,"dataKind":"compile-progress","data":{"target":{"uri":"file:/home/vboxuser/Desktop/Jahad/#root/Compile"}}})[0m
[0m[[0m[0mdebug[0m] [0m[0mjsonRpcNotify: JsonRpcNotificationMessage(2.0, build/taskProgress, {"taskId":{"id":"3","parents":[]},"eventTime":1789367566345,"message":"Compiling root (15%)","total":448,"progress":15,"dataKind":"compile-progress","data":{"target":{"uri":"file:/home/vboxuser/Desktop/Jahad/#root/Compile"}}})[0m
[0m[[0m[0mdebug[0m] [0m[0mjsonRpcNotify: JsonRpcNotificationMessage(2.0, build/taskProgress, {"taskId":{"id":"3","parents":[]},"eventTime":1789367566350,"message":"Compiling root (15%)","total":448,"progress":15,"dataKind":"compile-progress","data":{"target":{"uri":"file:/home/vboxuser/Desktop/Jahad/#root/Compile"}}})[0m
[0m[[0m[0mdebug[0m] [0m[0mjsonRpcNotify: JsonRpcNotificationMessage(2.0, build/taskProgress, {"taskId":{"id":"3","parents":[]},"eventTime":1789367566828,"message":"Compiling root (20%)","total":448,"progress":20,"dataKind":"compile-progress","data":{"target":{"uri":"file:/home/vboxuser/Desktop/Jahad/#root/Compile"}}})[0m
[0m[[0m[0mdebug[0m] [0m[0mjsonRpcNotify: JsonRpcNotificationMessage(2.0, build/taskProgress, {"taskId":{"id":"3","parents":[]},"eventTime":1789367566856,"message":"Compiling root (20%)","total":448,"progress":20,"dataKind":"compile-progress","data":{"target":{"uri":"file:/home/vboxuser/Desktop/Jahad/#root/Compile"}}})[0m
[0m[[0m[0mdebug[0m] [0m[0mjsonRpcNotify: JsonRpcNotificationMessage(2.0, build/taskProgress, {"taskId":{"id":"3","parents":[]},"eventTime":1789367566880,"message":"Compiling root (20%)","total":448,"progress":20,"dataKind":"compile-progress","data":{"target":{"uri":"file:/home/vboxuser/Desktop/Jahad/#root/Compile"}}})[0m
[0m[[0m[0mdebug[0m] [0m[0mjsonRpcNotify: JsonRpcNotificationMessage(2.0, build/taskProgress, {"taskId":{"id":"3","parents":[]},"eventTime":1789367566919,"message":"Compiling root (20%)","total":448,"progress":20,"dataKind":"compile-progress","data":{"target":{"uri":"file:/home/vboxuser/Desktop/Jahad/#root/Compile"}}})[0m
[0m[[0m[0mdebug[0m] [0m[0mjsonRpcNotify: JsonRpcNotificationMessage(2.0, build/taskProgress, {"taskId":{"id":"3","parents":[]},"eventTime":1789367566985,"message":"Compiling root (20%)","total":448,"progress":20,"dataKind":"compile-progress","data":{"target":{"uri":"file:/home/vboxuser/Desktop/Jahad/#root/Compile"}}})[0m
[0m[[0m[0mdebug[0m] [0m[0mjsonRpcNotify: JsonRpcNotificationMessage(2.0, build/taskProgress, {"taskId":{"id":"3","parents":[]},"eventTime":1789367567095,"message":"Compiling root (25%)","total":448,"progress":25,"dataKind":"compile-progress","data":{"target":{"uri":"file:/home/vboxuser/Desktop/Jahad/#root/Compile"}}})[0m
[0m[[0m[0mdebug[0m] [0m[0mjsonRpcNotify: JsonRpcNotificationMessage(2.0, build/taskProgress, {"taskId":{"id":"3","parents":[]},"eventTime":1789367567096,"message":"Compiling root (25%)","total":448,"progress":25,"dataKind":"compile-progress","data":{"target":{"uri":"file:/home/vboxuser/Desktop/Jahad/#root/Compile"}}})[0m
[0m[[0m[0mdebug[0m] [0m[0mjsonRpcRequest: JsonRpcRequestMessage(2.0, a5785e9d-fadc-4fca-b812-96418e043d8c, sbt/terminalPropertiesQuery, ""})[0m
[0m[[0m[0mdebug[0m] [0m[0mjsonRpcNotify: JsonRpcNotificationMessage(2.0, build/taskProgress, {"taskId":{"id":"3","parents":[]},"eventTime":1789367567119,"message":"Compiling root (25%)","total":448,"progress":25,"dataKind":"compile-progress","data":{"target":{"uri":"file:/home/vboxuser/Desktop/Jahad/#root/Compile"}}})[0m
[0m[[0m[0mdebug[0m] [0m[0mjsonRpcNotify: JsonRpcNotificationMessage(2.0, build/taskProgress, {"taskId":{"id":"3","parents":[]},"eventTime":1789367567124,"message":"Compiling root (25%)","total":448,"progress":25,"dataKind":"compile-progress","data":{"target":{"uri":"file:/home/vboxuser/Desktop/Jahad/#root/Compile"}}})[0m
[0m[[0m[0mdebug[0m] [0m[0mjsonRpcNotify: JsonRpcNotificationMessage(2.0, build/taskProgress, {"taskId":{"id":"3","parents":[]},"eventTime":1789367567129,"message":"Compiling root (25%)","total":448,"progress":25,"dataKind":"compile-progress","data":{"target":{"uri":"file:/home/vboxuser/Desktop/Jahad/#root/Compile"}}})[0m
[0m[[0m[0mdebug[0m] [0m[0mjsonRpcNotify: JsonRpcNotificationMessage(2.0, build/taskProgress, {"taskId":{"id":"3","parents":[]},"eventTime":1789367567135,"message":"Compiling root (25%)","total":448,"progress":25,"dataKind":"compile-progress","data":{"target":{"uri":"file:/home/vboxuser/Desktop/Jahad/#root/Compile"}}})[0m
[0m[[0m[0mdebug[0m] [0m[0mjsonRpcNotify: JsonRpcNotificationMessage(2.0, build/taskProgress, {"taskId":{"id":"3","parents":[]},"eventTime":1789367567200,"message":"Compiling root (30%)","total":448,"progress":30,"dataKind":"compile-progress","data":{"target":{"uri":"file:/home/vboxuser/Desktop/Jahad/#root/Compile"}}})[0m
[0m[[0m[0mdebug[0m] [0m[0mjsonRpcNotify: JsonRpcNotificationMessage(2.0, build/taskProgress, {"taskId":{"id":"3","parents":[]},"eventTime":1789367567202,"message":"Compiling root (30%)","total":448,"progress":30,"dataKind":"compile-progress","data":{"target":{"uri":"file:/home/vboxuser/Desktop/Jahad/#root/Compile"}}})[0m
[0m[[0m[0mdebug[0m] [0m[0mjsonRpcNotify: JsonRpcNotificationMessage(2.0, build/taskProgress, {"taskId":{"id":"3","parents":[]},"eventTime":1789367567203,"message":"Compiling root (30%)","total":448,"progress":30,"dataKind":"compile-progress","data":{"target":{"uri":"file:/home/vboxuser/Desktop/Jahad/#root/Compile"}}})[0m
[0m[[0m[0mdebug[0m] [0m[0mjsonRpcNotify: JsonRpcNotificationMessage(2.0, build/taskProgress, {"taskId":{"id":"3","parents":[]},"eventTime":1789367567204,"message":"Compiling root (30%)","total":448,"progress":30,"dataKind":"compile-progress","data":{"target":{"uri":"file:/home/vboxuser/Desktop/Jahad/#root/Compile"}}})[0m
[0m[[0m[0mdebug[0m] [0m[0mjsonRpcNotify: JsonRpcNotificationMessage(2.0, build/taskProgress, {"taskId":{"id":"3","parents":[]},"eventTime":1789367567250,"message":"Compiling root (35%)","total":448,"progress":35,"dataKind":"compile-progress","data":{"target":{"uri":"file:/home/vboxuser/Desktop/Jahad/#root/Compile"}}})[0m
[0m[[0m[0mdebug[0m] [0m[0mjsonRpcNotify: JsonRpcNotificationMessage(2.0, build/taskProgress, {"taskId":{"id":"3","parents":[]},"eventTime":1789367567254,"message":"Compiling root (35%)","total":448,"progress":35,"dataKind":"compile-progress","data":{"target":{"uri":"file:/home/vboxuser/Desktop/Jahad/#root/Compile"}}})[0m
[0m[[0m[0mdebug[0m] [0m[0mjsonRpcNotify: JsonRpcNotificationMessage(2.0, build/taskProgress, {"taskId":{"id":"3","parents":[]},"eventTime":1789367567261,"message":"Compiling root (35%)","total":448,"progress":35,"dataKind":"compile-progress","data":{"target":{"uri":"file:/home/vboxuser/Desktop/Jahad/#root/Compile"}}})[0m
[0m[[0m[0mdebug[0m] [0m[0mjsonRpcNotify: JsonRpcNotificationMessage(2.0, build/taskProgress, {"taskId":{"id":"3","parents":[]},"eventTime":1789367567263,"message":"Compiling root (35%)","total":448,"progress":35,"dataKind":"compile-progress","data":{"target":{"uri":"file:/home/vboxuser/Desktop/Jahad/#root/Compile"}}})[0m
[0m[[0m[0mdebug[0m] [0m[0mjsonRpcNotify: JsonRpcNotificationMessage(2.0, build/taskProgress, {"taskId":{"id":"3","parents":[]},"eventTime":1789367567264,"message":"Compiling root (35%)","total":448,"progress":35,"dataKind":"compile-progress","data":{"target":{"uri":"file:/home/vboxuser/Desktop/Jahad/#root/Compile"}}})[0m
[0m[[0m[0mdebug[0m] [0m[0mjsonRpcNotify: JsonRpcNotificationMessage(2.0, build/taskProgress, {"taskId":{"id":"3","parents":[]},"eventTime":1789367567500,"message":"Compiling root (35%)","total":448,"progress":35,"dataKind":"compile-progress","data":{"target":{"uri":"file:/home/vboxuser/Desktop/Jahad/#root/Compile"}}})[0m
[0m[[0m[0mdebug[0m] [0m[0mjsonRpcNotify: JsonRpcNotificationMessage(2.0, build/taskProgress, {"taskId":{"id":"3","parents":[]},"eventTime":1789367568094,"message":"Compiling root (40%)","total":448,"progress":40,"dataKind":"compile-progress","data":{"target":{"uri":"file:/home/vboxuser/Desktop/Jahad/#root/Compile"}}})[0m
[0m[[0m[0mdebug[0m] [0m[0mjsonRpcNotify: JsonRpcNotificationMessage(2.0, build/taskProgress, {"taskId":{"id":"3","parents":[]},"eventTime":1789367568105,"message":"Compiling root (40%)","total":448,"progress":40,"dataKind":"compile-progress","data":{"target":{"uri":"file:/home/vboxuser/Desktop/Jahad/#root/Compile"}}})[0m
[0m[[0m[0mdebug[0m] [0m[0mjsonRpcNotify: JsonRpcNotificationMessage(2.0, build/taskProgress, {"taskId":{"id":"3","parents":[]},"eventTime":1789367568117,"message":"Compiling root (40%)","total":448,"progress":40,"dataKind":"compile-progress","data":{"target":{"uri":"file:/home/vboxuser/Desktop/Jahad/#root/Compile"}}})[0m
[0m[[0m[0mdebug[0m] [0m[0mjsonRpcNotify: JsonRpcNotificationMessage(2.0, build/taskProgress, {"taskId":{"id":"3","parents":[]},"eventTime":1789367568133,"message":"Compiling root (40%)","total":448,"progress":40,"dataKind":"compile-progress","data":{"target":{"uri":"file:/home/vboxuser/Desktop/Jahad/#root/Compile"}}})[0m
[0m[[0m[0mdebug[0m] [0m[0mjsonRpcNotify: JsonRpcNotificationMessage(2.0, build/taskProgress, {"taskId":{"id":"3","parents":[]},"eventTime":1789367568445,"message":"Compiling root (45%)","total":448,"progress":45,"dataKind":"compile-progress","data":{"target":{"uri":"file:/home/vboxuser/Desktop/Jahad/#root/Compile"}}})[0m
[0m[[0m[0mdebug[0m] [0m[0mjsonRpcNotify: JsonRpcNotificationMessage(2.0, build/taskProgress, {"taskId":{"id":"3","parents":[]},"eventTime":1789367568467,"message":"Compiling root (45%)","total":448,"progress":45,"dataKind":"compile-progress","data":{"target":{"uri":"file:/home/vboxuser/Desktop/Jahad/#root/Compile"}}})[0m
[0m[[0m[0mdebug[0m] [0m[0mjsonRpcNotify: JsonRpcNotificationMessage(2.0, build/taskProgress, {"taskId":{"id":"3","parents":[]},"eventTime":1789367568476,"message":"Compiling root (45%)","total":448,"progress":45,"dataKind":"compile-progress","data":{"target":{"uri":"file:/home/vboxuser/Desktop/Jahad/#root/Compile"}}})[0m
[0m[[0m[0mdebug[0m] [0m[0mjsonRpcNotify: JsonRpcNotificationMessage(2.0, build/taskProgress, {"taskId":{"id":"3","parents":[]},"eventTime":1789367568491,"message":"Compiling root (45%)","total":448,"progress":45,"dataKind":"compile-progress","data":{"target":{"uri":"file:/home/vboxuser/Desktop/Jahad/#root/Compile"}}})[0m
[0m[[0m[0mdebug[0m] [0m[0mjsonRpcNotify: JsonRpcNotificationMessage(2.0, build/taskProgress, {"taskId":{"id":"3","parents":[]},"eventTime":1789367568513,"message":"Compiling root (45%)","total":448,"progress":45,"dataKind":"compile-progress","data":{"target":{"uri":"file:/home/vboxuser/Desktop/Jahad/#root/Compile"}}})[0m
[0m[[0m[0mdebug[0m] [0m[0mjsonRpcRequest: JsonRpcRequestMessage(2.0, 42c8d0a5-5f3a-487a-a9a4-ffd762f7f6da, sbt/terminalPropertiesQuery, ""})[0m
[0m[[0m[0mdebug[0m] [0m[0mjsonRpcNotify: JsonRpcNotificationMessage(2.0, build/taskProgress, {"taskId":{"id":"3","parents":[]},"eventTime":1789367569350,"message":"Compiling root (50%)","total":448,"progress":50,"dataKind":"compile-progress","data":{"target":{"uri":"file:/home/vboxuser/Desktop/Jahad/#root/Compile"}}})[0m
[0m[[0m[0mdebug[0m] [0m[0mjsonRpcNotify: JsonRpcNotificationMessage(2.0, build/taskProgress, {"taskId":{"id":"3","parents":[]},"eventTime":1789367569351,"message":"Compiling root (50%)","total":448,"progress":50,"dataKind":"compile-progress","data":{"target":{"uri":"file:/home/vboxuser/Desktop/Jahad/#root/Compile"}}})[0m
[0m[[0m[0mdebug[0m] [0m[0mjsonRpcNotify: JsonRpcNotificationMessage(2.0, build/taskProgress, {"taskId":{"id":"3","parents":[]},"eventTime":1789367569377,"message":"Compiling root (50%)","total":448,"progress":50,"dataKind":"compile-progress","data":{"target":{"uri":"file:/home/vboxuser/Desktop/Jahad/#root/Compile"}}})[0m
[0m[[0m[0mdebug[0m] [0m[0mjsonRpcNotify: JsonRpcNotificationMessage(2.0, build/taskProgress, {"taskId":{"id":"3","parents":[]},"eventTime":1789367569383,"message":"Compiling root (50%)","total":448,"progress":50,"dataKind":"compile-progress","data":{"target":{"uri":"file:/home/vboxuser/Desktop/Jahad/#root/Compile"}}})[0m
[0m[[0m[0mdebug[0m] [0m[0mjsonRpcNotify: JsonRpcNotificationMessage(2.0, build/taskProgress, {"taskId":{"id":"3","parents":[]},"eventTime":1789367569388,"message":"Compiling root (50%)","total":448,"progress":50,"dataKind":"compile-progress","data":{"target":{"uri":"file:/home/vboxuser/Desktop/Jahad/#root/Compile"}}})[0m
[0m[[0m[0mdebug[0m] [0m[0mjsonRpcNotify: JsonRpcNotificationMessage(2.0, build/taskProgress, {"taskId":{"id":"3","parents":[]},"eventTime":1789367569393,"message":"Compiling root (50%)","total":448,"progress":50,"dataKind":"compile-progress","data":{"target":{"uri":"file:/home/vboxuser/Desktop/Jahad/#root/Compile"}}})[0m
[0m[[0m[0mdebug[0m] [0m[0mjsonRpcNotify: JsonRpcNotificationMessage(2.0, build/taskProgress, {"taskId":{"id":"3","parents":[]},"eventTime":1789367569511,"message":"Compiling root (55%)","total":448,"progress":55,"dataKind":"compile-progress","data":{"target":{"uri":"file:/home/vboxuser/Desktop/Jahad/#root/Compile"}}})[0m
[0m[[0m[0mdebug[0m] [0m[0mjsonRpcNotify: JsonRpcNotificationMessage(2.0, build/taskProgress, {"taskId":{"id":"3","parents":[]},"eventTime":1789367569513,"message":"Compiling root (55%)","total":448,"progress":55,"dataKind":"compile-progress","data":{"target":{"uri":"file:/home/vboxuser/Desktop/Jahad/#root/Compile"}}})[0m
[0m[[0m[0mdebug[0m] [0m[0mjsonRpcNotify: JsonRpcNotificationMessage(2.0, build/taskProgress, {"taskId":{"id":"3","parents":[]},"eventTime":1789367569514,"message":"Compiling root (55%)","total":448,"progress":55,"dataKind":"compile-progress","data":{"target":{"uri":"file:/home/vboxuser/Desktop/Jahad/#root/Compile"}}})[0m
[0m[[0m[0mdebug[0m] [0m[0mjsonRpcNotify: JsonRpcNotificationMessage(2.0, build/taskProgress, {"taskId":{"id":"3","parents":[]},"eventTime":1789367569516,"message":"Compiling root (55%)","total":448,"progress":55,"dataKind":"compile-progress","data":{"target":{"uri":"file:/home/vboxuser/Desktop/Jahad/#root/Compile"}}})[0m
[0m[[0m[0mdebug[0m] [0m[0mjsonRpcNotify: JsonRpcNotificationMessage(2.0, build/taskProgress, {"taskId":{"id":"3","parents":[]},"eventTime":1789367569722,"message":"Compiling root (60%)","total":448,"progress":60,"dataKind":"compile-progress","data":{"target":{"uri":"file:/home/vboxuser/Desktop/Jahad/#root/Compile"}}})[0m
[0m[[0m[0mdebug[0m] [0m[0mjsonRpcNotify: JsonRpcNotificationMessage(2.0, build/taskProgress, {"taskId":{"id":"3","parents":[]},"eventTime":1789367569732,"message":"Compiling root (60%)","total":448,"progress":60,"dataKind":"compile-progress","data":{"target":{"uri":"file:/home/vboxuser/Desktop/Jahad/#root/Compile"}}})[0m
[0m[[0m[0mdebug[0m] [0m[0mjsonRpcNotify: JsonRpcNotificationMessage(2.0, build/taskProgress, {"taskId":{"id":"3","parents":[]},"eventTime":1789367569737,"message":"Compiling root (60%)","total":448,"progress":60,"dataKind":"compile-progress","data":{"target":{"uri":"file:/home/vboxuser/Desktop/Jahad/#root/Compile"}}})[0m
[0m[[0m[0mdebug[0m] [0m[0mjsonRpcNotify: JsonRpcNotificationMessage(2.0, build/taskProgress, {"taskId":{"id":"3","parents":[]},"eventTime":1789367569744,"message":"Compiling root (60%)","total":448,"progress":60,"dataKind":"compile-progress","data":{"target":{"uri":"file:/home/vboxuser/Desktop/Jahad/#root/Compile"}}})[0m
[0m[[0m[0mdebug[0m] [0m[0mjsonRpcNotify: JsonRpcNotificationMessage(2.0, build/taskProgress, {"taskId":{"id":"3","parents":[]},"eventTime":1789367570092,"message":"Compiling root (60%)","total":448,"progress":60,"dataKind":"compile-progress","data":{"target":{"uri":"file:/home/vboxuser/Desktop/Jahad/#root/Compile"}}})[0m
[0m[[0m[0mdebug[0m] [0m[0mjsonRpcNotify: JsonRpcNotificationMessage(2.0, build/taskProgress, {"taskId":{"id":"3","parents":[]},"eventTime":1789367570138,"message":"Compiling root (60%)","total":448,"progress":60,"dataKind":"compile-progress","data":{"target":{"uri":"file:/home/vboxuser/Desktop/Jahad/#root/Compile"}}})[0m
[0m[[0m[0mdebug[0m] [0m[0mjsonRpcRequest: JsonRpcRequestMessage(2.0, f728d3be-2765-4090-97d8-bddd10fd64a0, sbt/terminalPropertiesQuery, ""})[0m
[0m[[0m[0mdebug[0m] [0m[0mjsonRpcNotify: JsonRpcNotificationMessage(2.0, build/taskProgress, {"taskId":{"id":"3","parents":[]},"eventTime":1789367570700,"message":"Compiling root (65%)","total":448,"progress":65,"dataKind":"compile-progress","data":{"target":{"uri":"file:/home/vboxuser/Desktop/Jahad/#root/Compile"}}})[0m
[0m[[0m[0mdebug[0m] [0m[0mjsonRpcNotify: JsonRpcNotificationMessage(2.0, build/taskProgress, {"taskId":{"id":"3","parents":[]},"eventTime":1789367570748,"message":"Compiling root (65%)","total":448,"progress":65,"dataKind":"compile-progress","data":{"target":{"uri":"file:/home/vboxuser/Desktop/Jahad/#root/Compile"}}})[0m
[0m[[0m[0mdebug[0m] [0m[0mjsonRpcNotify: JsonRpcNotificationMessage(2.0, build/taskProgress, {"taskId":{"id":"3","parents":[]},"eventTime":1789367570774,"message":"Compiling root (65%)","total":448,"progress":65,"dataKind":"compile-progress","data":{"target":{"uri":"file:/home/vboxuser/Desktop/Jahad/#root/Compile"}}})[0m
[0m[[0m[0mdebug[0m] [0m[0mjsonRpcNotify: JsonRpcNotificationMessage(2.0, build/taskProgress, {"taskId":{"id":"3","parents":[]},"eventTime":1789367570810,"message":"Compiling root (65%)","total":448,"progress":65,"dataKind":"compile-progress","data":{"target":{"uri":"file:/home/vboxuser/Desktop/Jahad/#root/Compile"}}})[0m
[0m[[0m[0mdebug[0m] [0m[0mjsonRpcNotify: JsonRpcNotificationMessage(2.0, build/taskProgress, {"taskId":{"id":"3","parents":[]},"eventTime":1789367571092,"message":"Compiling root (70%)","total":448,"progress":70,"dataKind":"compile-progress","data":{"target":{"uri":"file:/home/vboxuser/Desktop/Jahad/#root/Compile"}}})[0m
[0m[[0m[0mdebug[0m] [0m[0mjsonRpcNotify: JsonRpcNotificationMessage(2.0, build/taskProgress, {"taskId":{"id":"3","parents":[]},"eventTime":1789367571096,"message":"Compiling root (70%)","total":448,"progress":70,"dataKind":"compile-progress","data":{"target":{"uri":"file:/home/vboxuser/Desktop/Jahad/#root/Compile"}}})[0m
[0m[[0m[0mdebug[0m] [0m[0mjsonRpcNotify: JsonRpcNotificationMessage(2.0, build/taskProgress, {"taskId":{"id":"3","parents":[]},"eventTime":1789367571099,"message":"Compiling root (70%)","total":448,"progress":70,"dataKind":"compile-progress","data":{"target":{"uri":"file:/home/vboxuser/Desktop/Jahad/#root/Compile"}}})[0m
[0m[[0m[0mdebug[0m] [0m[0mjsonRpcNotify: JsonRpcNotificationMessage(2.0, build/taskProgress, {"taskId":{"id":"3","parents":[]},"eventTime":1789367571103,"message":"Compiling root (70%)","total":448,"progress":70,"dataKind":"compile-progress","data":{"target":{"uri":"file:/home/vboxuser/Desktop/Jahad/#root/Compile"}}})[0m
[0m[[0m[0mdebug[0m] [0m[0mjsonRpcNotify: JsonRpcNotificationMessage(2.0, build/taskProgress, {"taskId":{"id":"3","parents":[]},"eventTime":1789367571110,"message":"Compiling root (70%)","total":448,"progress":70,"dataKind":"compile-progress","data":{"target":{"uri":"file:/home/vboxuser/Desktop/Jahad/#root/Compile"}}})[0m
[0m[[0m[0mdebug[0m] [0m[0mjsonRpcNotify: JsonRpcNotificationMessage(2.0, build/taskProgress, {"taskId":{"id":"3","parents":[]},"eventTime":1789367571277,"message":"Compiling root (75%)","total":448,"progress":75,"dataKind":"compile-progress","data":{"target":{"uri":"file:/home/vboxuser/Desktop/Jahad/#root/Compile"}}})[0m
[0m[[0m[0mdebug[0m] [0m[0mjsonRpcNotify: JsonRpcNotificationMessage(2.0, build/taskProgress, {"taskId":{"id":"3","parents":[]},"eventTime":1789367571278,"message":"Compiling root (75%)","total":448,"progress":75,"dataKind":"compile-progress","data":{"target":{"uri":"file:/home/vboxuser/Desktop/Jahad/#root/Compile"}}})[0m
[0m[[0m[0mdebug[0m] [0m[0mjsonRpcNotify: JsonRpcNotificationMessage(2.0, build/taskProgress, {"taskId":{"id":"3","parents":[]},"eventTime":1789367571357,"message":"Compiling root (75%)","total":448,"progress":75,"dataKind":"compile-progress","data":{"target":{"uri":"file:/home/vboxuser/Desktop/Jahad/#root/Compile"}}})[0m
[0m[[0m[0mdebug[0m] [0m[0mjsonRpcNotify: JsonRpcNotificationMessage(2.0, build/taskProgress, {"taskId":{"id":"3","parents":[]},"eventTime":1789367571376,"message":"Compiling root (75%)","total":448,"progress":75,"dataKind":"compile-progress","data":{"target":{"uri":"file:/home/vboxuser/Desktop/Jahad/#root/Compile"}}})[0m
[0m[[0m[0mdebug[0m] [0m[0mjsonRpcNotify: JsonRpcNotificationMessage(2.0, build/taskProgress, {"taskId":{"id":"3","parents":[]},"eventTime":1789367571427,"message":"Compiling root (75%)","total":448,"progress":75,"dataKind":"compile-progress","data":{"target":{"uri":"file:/home/vboxuser/Desktop/Jahad/#root/Compile"}}})[0m
[0m[[0m[0mdebug[0m] [0m[0mjsonRpcNotify: JsonRpcNotificationMessage(2.0, build/taskProgress, {"taskId":{"id":"3","parents":[]},"eventTime":1789367571458,"message":"Compiling root (75%)","total":448,"progress":75,"dataKind":"compile-progress","data":{"target":{"uri":"file:/home/vboxuser/Desktop/Jahad/#root/Compile"}}})[0m
[0m[[0m[0mdebug[0m] [0m[0mjsonRpcNotify: JsonRpcNotificationMessage(2.0, build/taskProgress, {"taskId":{"id":"3","parents":[]},"eventTime":1789367571956,"message":"Compiling root (80%)","total":448,"progress":80,"dataKind":"compile-progress","data":{"target":{"uri":"file:/home/vboxuser/Desktop/Jahad/#root/Compile"}}})[0m
[0m[[0m[0mdebug[0m] [0m[0mjsonRpcNotify: JsonRpcNotificationMessage(2.0, build/taskProgress, {"taskId":{"id":"3","parents":[]},"eventTime":1789367571958,"message":"Compiling root (80%)","total":448,"progress":80,"dataKind":"compile-progress","data":{"target":{"uri":"file:/home/vboxuser/Desktop/Jahad/#root/Compile"}}})[0m
[0m[[0m[0mdebug[0m] [0m[0mjsonRpcNotify: JsonRpcNotificationMessage(2.0, build/taskProgress, {"taskId":{"id":"3","parents":[]},"eventTime":1789367571960,"message":"Compiling root (80%)","total":448,"progress":80,"dataKind":"compile-progress","data":{"target":{"uri":"file:/home/vboxuser/Desktop/Jahad/#root/Compile"}}})[0m
[0m[[0m[0mdebug[0m] [0m[0mjsonRpcNotify: JsonRpcNotificationMessage(2.0, build/taskProgress, {"taskId":{"id":"3","parents":[]},"eventTime":1789367571962,"message":"Compiling root (80%)","total":448,"progress":80,"dataKind":"compile-progress","data":{"target":{"uri":"file:/home/vboxuser/Desktop/Jahad/#root/Compile"}}})[0m
[0m[[0m[0mdebug[0m] [0m[0mjsonRpcNotify: JsonRpcNotificationMessage(2.0, build/taskProgress, {"taskId":{"id":"3","parents":[]},"eventTime":1789367572036,"message":"Compiling root (85%)","total":448,"progress":85,"dataKind":"compile-progress","data":{"target":{"uri":"file:/home/vboxuser/Desktop/Jahad/#root/Compile"}}})[0m
[0m[[0m[0mdebug[0m] [0m[0mjsonRpcNotify: JsonRpcNotificationMessage(2.0, build/taskProgress, {"taskId":{"id":"3","parents":[]},"eventTime":1789367572040,"message":"Compiling root (85%)","total":448,"progress":85,"dataKind":"compile-progress","data":{"target":{"uri":"file:/home/vboxuser/Desktop/Jahad/#root/Compile"}}})[0m
[0m[[0m[0mdebug[0m] [0m[0mjsonRpcNotify: JsonRpcNotificationMessage(2.0, build/taskProgress, {"taskId":{"id":"3","parents":[]},"eventTime":1789367572043,"message":"Compiling root (85%)","total":448,"progress":85,"dataKind":"compile-progress","data":{"target":{"uri":"file:/home/vboxuser/Desktop/Jahad/#root/Compile"}}})[0m
[0m[[0m[0mdebug[0m] [0m[0mjsonRpcNotify: JsonRpcNotificationMessage(2.0, build/taskProgress, {"taskId":{"id":"3","parents":[]},"eventTime":1789367572045,"message":"Compiling root (85%)","total":448,"progress":85,"dataKind":"compile-progress","data":{"target":{"uri":"file:/home/vboxuser/Desktop/Jahad/#root/Compile"}}})[0m
[0m[[0m[0mdebug[0m] [0m[0mjsonRpcNotify: JsonRpcNotificationMessage(2.0, build/taskProgress, {"taskId":{"id":"3","parents":[]},"eventTime":1789367572046,"message":"Compiling root (85%)","total":448,"progress":85,"dataKind":"compile-progress","data":{"target":{"uri":"file:/home/vboxuser/Desktop/Jahad/#root/Compile"}}})[0m
[0m[[0m[0mdebug[0m] [0m[0mjsonRpcNotify: JsonRpcNotificationMessage(2.0, build/taskProgress, {"taskId":{"id":"3","parents":[]},"eventTime":1789367572368,"message":"Compiling root (85%)","total":448,"progress":85,"dataKind":"compile-progress","data":{"target":{"uri":"file:/home/vboxuser/Desktop/Jahad/#root/Compile"}}})[0m
[0m[[0m[0mdebug[0m] [0m[0mjsonRpcRequest: JsonRpcRequestMessage(2.0, 5c1ededd-1787-43bc-b8bd-8bde64b9d401, sbt/terminalPropertiesQuery, ""})[0m
[0m[[0m[0mdebug[0m] [0m[0mjsonRpcNotify: JsonRpcNotificationMessage(2.0, build/taskProgress, {"taskId":{"id":"3","parents":[]},"eventTime":1789367572671,"message":"Compiling root (90%)","total":448,"progress":90,"dataKind":"compile-progress","data":{"target":{"uri":"file:/home/vboxuser/Desktop/Jahad/#root/Compile"}}})[0m
[0m[[0m[0mdebug[0m] [0m[0mjsonRpcNotify: JsonRpcNotificationMessage(2.0, build/taskProgress, {"taskId":{"id":"3","parents":[]},"eventTime":1789367572687,"message":"Compiling root (90%)","total":448,"progress":90,"dataKind":"compile-progress","data":{"target":{"uri":"file:/home/vboxuser/Desktop/Jahad/#root/Compile"}}})[0m
[0m[[0m[0mdebug[0m] [0m[0mjsonRpcNotify: JsonRpcNotificationMessage(2.0, build/taskProgress, {"taskId":{"id":"3","parents":[]},"eventTime":1789367572693,"message":"Compiling root (90%)","total":448,"progress":90,"dataKind":"compile-progress","data":{"target":{"uri":"file:/home/vboxuser/Desktop/Jahad/#root/Compile"}}})[0m
[0m[[0m[0mdebug[0m] [0m[0mjsonRpcNotify: JsonRpcNotificationMessage(2.0, build/taskProgress, {"taskId":{"id":"3","parents":[]},"eventTime":1789367572705,"message":"Compiling root (90%)","total":448,"progress":90,"dataKind":"compile-progress","data":{"target":{"uri":"file:/home/vboxuser/Desktop/Jahad/#root/Compile"}}})[0m
[0m[[0m[0mdebug[0m] [0m[0mjsonRpcNotify: JsonRpcNotificationMessage(2.0, build/taskProgress, {"taskId":{"id":"3","parents":[]},"eventTime":1789367573750,"message":"Compiling root (95%)","total":448,"progress":95,"dataKind":"compile-progress","data":{"target":{"uri":"file:/home/vboxuser/Desktop/Jahad/#root/Compile"}}})[0m
[0m[[0m[0mdebug[0m] [0m[0mjsonRpcNotify: JsonRpcNotificationMessage(2.0, build/taskProgress, {"taskId":{"id":"3","parents":[]},"eventTime":1789367573826,"message":"Compiling root (95%)","total":448,"progress":95,"dataKind":"compile-progress","data":{"target":{"uri":"file:/home/vboxuser/Desktop/Jahad/#root/Compile"}}})[0m
[0m[[0m[0mdebug[0m] [0m[0mjsonRpcNotify: JsonRpcNotificationMessage(2.0, build/taskProgress, {"taskId":{"id":"3","parents":[]},"eventTime":1789367573847,"message":"Compiling root (95%)","total":448,"progress":95,"dataKind":"compile-progress","data":{"target":{"uri":"file:/home/vboxuser/Desktop/Jahad/#root/Compile"}}})[0m
[0m[[0m[0mdebug[0m] [0m[0mjsonRpcNotify: JsonRpcNotificationMessage(2.0, build/taskProgress, {"taskId":{"id":"3","parents":[]},"eventTime":1789367573877,"message":"Compiling root (95%)","total":448,"progress":95,"dataKind":"compile-progress","data":{"target":{"uri":"file:/home/vboxuser/Desktop/Jahad/#root/Compile"}}})[0m
[0m[[0m[0mdebug[0m] [0m[0mjsonRpcNotify: JsonRpcNotificationMessage(2.0, build/taskProgress, {"taskId":{"id":"3","parents":[]},"eventTime":1789367573941,"message":"Compiling root (95%)","total":448,"progress":95,"dataKind":"compile-progress","data":{"target":{"uri":"file:/home/vboxuser/Desktop/Jahad/#root/Compile"}}})[0m
[0m[[0m[0mdebug[0m] [0m[0mjsonRpcNotify: JsonRpcNotificationMessage(2.0, build/taskProgress, {"taskId":{"id":"3","parents":[]},"eventTime":1789367573993,"message":"Compiling root (100%)","total":448,"progress":100,"dataKind":"compile-progress","data":{"target":{"uri":"file:/home/vboxuser/Desktop/Jahad/#root/Compile"}}})[0m
[0m[[0m[0mdebug[0m] [0m[0mjsonRpcNotify: JsonRpcNotificationMessage(2.0, build/taskProgress, {"taskId":{"id":"3","parents":[]},"eventTime":1789367573993,"message":"Compiling root (100%)","total":448,"progress":100,"dataKind":"compile-progress","data":{"target":{"uri":"file:/home/vboxuser/Desktop/Jahad/#root/Compile"}}})[0m
[0m[[0m[0mdebug[0m] [0m[0mjsonRpcNotify: JsonRpcNotificationMessage(2.0, build/publishDiagnostics, {"textDocument":{"uri":"file:///home/vboxuser/Desktop/Jahad/src/main/scala/core/AluOpController.scala"},"buildTarget":{"uri":"file:/home/vboxuser/Desktop/Jahad/#root/Compile"},"diagnostics":[],"reset":true})[0m
[0m[[0m[0mdebug[0m] [0m[0mjsonRpcNotify: JsonRpcNotificationMessage(2.0, build/taskFinish, {"taskId":{"id":"3","parents":[]},"eventTime":1789367574384,"message":"Compiled root","status":1,"dataKind":"compile-report","data":{"target":{"uri":"file:/home/vboxuser/Desktop/Jahad/#root/Compile"},"errors":0,"warnings":0,"time":14005}})[0m
[0m[[0m[0mdebug[0m] [0m[0mjsonRpcRequest: JsonRpcRequestMessage(2.0, 3fe34b5d-a0e0-481f-9fdb-690942d8f6e3, sbt/terminalPropertiesQuery, ""})[0m
[0m[[0m[0mdebug[0m] [0m[0mjsonRpcNotify: JsonRpcNotificationMessage(2.0, build/taskStart, {"taskId":{"id":"4","parents":[]},"eventTime":1789367574526,"message":"Compiling root-test","dataKind":"compile-task","data":{"target":{"uri":"file:/home/vboxuser/Desktop/Jahad/#root/Test"}}})[0m
[0m[[0m[0mdebug[0m] [0m[0mjsonRpcNotify: JsonRpcNotificationMessage(2.0, build/taskFinish, {"taskId":{"id":"4","parents":[]},"eventTime":1789367574724,"message":"Compiled root-test","status":1,"dataKind":"compile-report","data":{"target":{"uri":"file:/home/vboxuser/Desktop/Jahad/#root/Test"},"errors":0,"warnings":0,"time":198}})[0m
[0m[[0m[31merror[0m] [0m[0mNo tests match the patterns: Top[0m
[0m[[0m[31merror[0m] [0m[0mThe following patterns were specified but no tests were found in any subproject:[0m
[0m[[0m[31merror[0m] [0m[0m  - Top[0m
[0m[[0m[31merror[0m] [0m[0mAvailable tests:[0m
[0m[[0m[0mdebug[0m] [0m[0m> Exec(resumeFromFailure, None, None)[0m
[0m[[0m[0mdebug[0m] [0m[0m> Exec(sbtPopOnFailure, None, None)[0m
[0m[[0m[0mdebug[0m] [0m[0m> Exec(sbtReportResult 7ced85df-c2e2-4be6-82ce-7e25fe479322, Some(7ced85df-c2e2-4be6-82ce-7e25fe479322), Some(CommandSource(network-1)))[0m
[0m[[0m[0mdebug[0m] [0m[0munmatched Processing event for requestId Some(7ced85df-c2e2-4be6-82ce-7e25fe479322): None[0m
[0m[[0m[0mdebug[0m] [0m[0munmatched json error for requestId Some(7ced85df-c2e2-4be6-82ce-7e25fe479322): {"code":-33000,"message":""}[0m
[0m[[0m[0mdebug[0m] [0m[0m> Exec(shell, None, None)[0m
[0m[[0m[0mdebug[0m] [0m[0mjsonRpcRequest: JsonRpcRequestMessage(2.0, d3464d5b-35a0-47e9-8f24-194d01e3a1b3, sbt/getTerminalAttributes, {}})[0m
[0m[[0m[0mdebug[0m] [0m[0mjsonRpcRequest: JsonRpcRequestMessage(2.0, 9190092c-228a-4e79-a397-e040ace2739e, sbt/terminalSetRawMode, {"toggle":true}})[0m
[0m[[0m[0mdebug[0m] [0m[0mjsonRpcRequest: JsonRpcRequestMessage(2.0, 08d8c22c-73dd-4aad-803b-80ebfceab6cb, sbt/getTerminalAttributes, {}})[0m
[0m[[0m[0mdebug[0m] [0m[0mjsonRpcNotify: JsonRpcNotificationMessage(2.0, sbt/readSystemIn, "")[0m
