[0m[[0m[0mdebug[0m] [0m[0m> Exec(sbtStashOnFailure, None, None)[0m
[0m[[0m[0mdebug[0m] [0m[0m> Exec(sbtMapExec 1e509949-5264-4ce3-9a59-b6b4fc06b20a __70a86635-3148-44e7-9015-a0e2e0ac15d0, None, None)[0m
[0m[[0m[0mdebug[0m] [0m[0m> Exec(testOnly core.TopTest, Some(__70a86635-3148-44e7-9015-a0e2e0ac15d0), Some(CommandSource(network-1)))[0m
[0m[[0m[0mdebug[0m] [0m[0munmatched Processing event for requestId Some(__70a86635-3148-44e7-9015-a0e2e0ac15d0): None[0m
[0m[[0m[0mdebug[0m] [0m[0mRunning task... Cancel: Signal, check cycles: false, forcegc: true[0m
[0m[[0m[0mdebug[0m] [0m[0mjsonRpcNotify: JsonRpcNotificationMessage(2.0, build/taskStart, {"taskId":{"id":"4","parents":[]},"eventTime":1790019704060,"message":"Compiling root","dataKind":"compile-task","data":{"target":{"uri":"file:/home/vboxuser/Desktop/RISCV/#root/Compile"}}})[0m
[0m[[0m[0mdebug[0m] [0m[0mjsonRpcNotify: JsonRpcNotificationMessage(2.0, build/taskFinish, {"taskId":{"id":"4","parents":[]},"eventTime":1790019704071,"message":"Compiled root","status":1,"dataKind":"compile-report","data":{"target":{"uri":"file:/home/vboxuser/Desktop/RISCV/#root/Compile"},"errors":0,"warnings":0,"time":11,"noOp":true}})[0m
[0m[[0m[0mdebug[0m] [0m[0mjsonRpcNotify: JsonRpcNotificationMessage(2.0, build/taskStart, {"taskId":{"id":"5","parents":[]},"eventTime":1790019704115,"message":"Compiling root-test","dataKind":"compile-task","data":{"target":{"uri":"file:/home/vboxuser/Desktop/RISCV/#root/Test"}}})[0m
[0m[[0m[0mdebug[0m] [0m[0mjsonRpcNotify: JsonRpcNotificationMessage(2.0, build/taskFinish, {"taskId":{"id":"5","parents":[]},"eventTime":1790019704122,"message":"Compiled root-test","status":1,"dataKind":"compile-report","data":{"target":{"uri":"file:/home/vboxuser/Desktop/RISCV/#root/Test"},"errors":0,"warnings":0,"time":7,"noOp":true}})[0m
[0m[[0m[0mdebug[0m] [0m[0m> Exec(testSelected core.TopTest, None, Some(CommandSource(network-1)))[0m
[0m[[0m[0mdebug[0m] [0m[0munmatched Processing event for requestId None: None[0m
[0m[[0m[0mdebug[0m] [0m[0mEvaluating tasks: Test / testSelected[0m
[0m[[0m[0mdebug[0m] [0m[0mRunning task... Cancel: Signal, check cycles: false, forcegc: true[0m
[0m[[0m[0mdebug[0m] [0m[0mjsonRpcNotify: JsonRpcNotificationMessage(2.0, build/taskStart, {"taskId":{"id":"6","parents":[]},"eventTime":1790019704338,"message":"Compiling root","dataKind":"compile-task","data":{"target":{"uri":"file:/home/vboxuser/Desktop/RISCV/#root/Compile"}}})[0m
[0m[[0m[0mdebug[0m] [0m[0mjsonRpcNotify: JsonRpcNotificationMessage(2.0, build/taskFinish, {"taskId":{"id":"6","parents":[]},"eventTime":1790019704359,"message":"Compiled root","status":1,"dataKind":"compile-report","data":{"target":{"uri":"file:/home/vboxuser/Desktop/RISCV/#root/Compile"},"errors":0,"warnings":0,"time":21,"noOp":true}})[0m
[0m[[0m[0mdebug[0m] [0m[0mjsonRpcNotify: JsonRpcNotificationMessage(2.0, build/taskStart, {"taskId":{"id":"7","parents":[]},"eventTime":1790019704434,"message":"Compiling root-test","dataKind":"compile-task","data":{"target":{"uri":"file:/home/vboxuser/Desktop/RISCV/#root/Test"}}})[0m
[0m[[0m[0mdebug[0m] [0m[0mjsonRpcNotify: JsonRpcNotificationMessage(2.0, build/taskFinish, {"taskId":{"id":"7","parents":[]},"eventTime":1790019704442,"message":"Compiled root-test","status":1,"dataKind":"compile-report","data":{"target":{"uri":"file:/home/vboxuser/Desktop/RISCV/#root/Test"},"errors":0,"warnings":0,"time":8,"noOp":true}})[0m
[0m[[0m[0mdebug[0m] [0m[0mjsonRpcRequest: JsonRpcRequestMessage(2.0, 167cbb6d-965c-443b-8da1-58c2c5b69eab, sbt/terminalPropertiesQuery, ""})[0m
[0m[[0m[0mdebug[0m] [0m[0mjsonRpcRequest: JsonRpcRequestMessage(2.0, 0f87fb9b-fb15-4e74-8159-338513b89711, sbt/terminalPropertiesQuery, ""})[0m
[0m[[0m[0mdebug[0m] [0m[0mjsonRpcRequest: JsonRpcRequestMessage(2.0, a19c7c2a-47bc-41fa-a086-67f7556d0290, sbt/terminalPropertiesQuery, ""})[0m
[0m[[0m[0mdebug[0m] [0m[0mjsonRpcRequest: JsonRpcRequestMessage(2.0, 82ee062b-44be-46ab-a0bd-9ac40e506331, sbt/terminalPropertiesQuery, ""})[0m
[0m[[0m[0mdebug[0m] [0m[0mjsonRpcRequest: JsonRpcRequestMessage(2.0, 61848b88-f62c-4ca8-8fad-3f07b3696edd, sbt/terminalPropertiesQuery, ""})[0m
[0m[[0m[0minfo[0m] [0m[0m[32mTopTest:[0m[0m
[0m[[0m[0minfo[0m] [0m[0m[32mTop module[0m[0m
[0m[[0m[0minfo[0m] [0m[0m[32m- should execute all instructions[0m[0m
[0m[[0m[0mdebug[0m] [0m[0mjsonRpcNotify: JsonRpcNotificationMessage(2.0, build/logMessage, {"type":3,"message":"\u001b[32mTopTest:\u001b[0m"})[0m
[0m[[0m[0mdebug[0m] [0m[0mjsonRpcNotify: JsonRpcNotificationMessage(2.0, build/logMessage, {"type":3,"message":"\u001b[32mTop module\u001b[0m"})[0m
[0m[[0m[0mdebug[0m] [0m[0mjsonRpcNotify: JsonRpcNotificationMessage(2.0, build/logMessage, {"type":3,"message":"\u001b[32m- should execute all instructions\u001b[0m"})[0m
[0m[[0m[0minfo[0m] [0m[0m[36mRun completed in 4 seconds, 447 milliseconds.[0m[0m
[0m[[0m[0minfo[0m] [0m[0m[36mTotal number of tests run: 1[0m[0m
[0m[[0m[0minfo[0m] [0m[0m[36mSuites: completed 1, aborted 0[0m[0m
[0m[[0m[0minfo[0m] [0m[0m[36mTests: succeeded 1, failed 0, canceled 0, ignored 0, pending 0[0m[0m
[0m[[0m[0minfo[0m] [0m[0m[32mAll tests passed.[0m[0m
[0m[[0m[0mdebug[0m] [0m[0mjsonRpcNotify: JsonRpcNotificationMessage(2.0, build/logMessage, {"type":3,"message":"\u001b[36mRun completed in 4 seconds, 447 milliseconds.\u001b[0m\n\u001b[36mTotal number of tests run: 1\u001b[0m\n\u001b[36mSuites: completed 1, aborted 0\u001b[0m\n\u001b[36mTests: succeeded 1, failed 0, canceled 0, ignored 0, pending 0\u001b[0m\n\u001b[32mAll tests passed.\u001b[0m"})[0m
[0m[[0m[32msuccess[0m] [0m[0melapsed time: 7 s, cache 89%, 26 disk cache hits, 3 onsite tasks[0m
[0m[[0m[0mdebug[0m] [0m[0munmatched Done event for requestId None: None[0m
[0m[[0m[0mdebug[0m] [0m[0m> Exec(sbtCompleteExec 1e509949-5264-4ce3-9a59-b6b4fc06b20a, None, None)[0m
[0m[[0m[0mdebug[0m] [0m[0m> Exec(resumeFromFailure, None, None)[0m
[0m[[0m[0mdebug[0m] [0m[0m> Exec(sbtPopOnFailure, None, None)[0m
[0m[[0m[0mdebug[0m] [0m[0m> Exec(sbtReportResult 1e509949-5264-4ce3-9a59-b6b4fc06b20a, Some(1e509949-5264-4ce3-9a59-b6b4fc06b20a), Some(CommandSource(network-1)))[0m
[0m[[0m[0mdebug[0m] [0m[0munmatched Processing event for requestId Some(1e509949-5264-4ce3-9a59-b6b4fc06b20a): None[0m
[0m[[0m[0mdebug[0m] [0m[0munmatched json response for requestId Some(1e509949-5264-4ce3-9a59-b6b4fc06b20a): {"status":"Done","channelName":"network-1","execId":"1e509949-5264-4ce3-9a59-b6b4fc06b20a","commandQueue":["shell"],"exitCode":0}[0m
[0m[[0m[0mdebug[0m] [0m[0m> Exec(shell, None, None)[0m
[0m[[0m[0mdebug[0m] [0m[0mjsonRpcRequest: JsonRpcRequestMessage(2.0, efb546cf-740b-4af2-8eed-de4b106766ce, sbt/getTerminalAttributes, {}})[0m
[0m[[0m[0mdebug[0m] [0m[0mjsonRpcRequest: JsonRpcRequestMessage(2.0, d59ba693-29f4-4823-83fa-3a79d97d15df, sbt/terminalSetRawMode, {"toggle":true}})[0m
[0m[[0m[0mdebug[0m] [0m[0mjsonRpcRequest: JsonRpcRequestMessage(2.0, 8dc4c8c5-ba7b-455e-94fb-e9553036453b, sbt/getTerminalAttributes, {}})[0m
[0m[[0m[0mdebug[0m] [0m[0mjsonRpcNotify: JsonRpcNotificationMessage(2.0, sbt/readSystemIn, "")[0m
[0m[[0m[0mdebug[0m] [0m[0mjsonRpcNotify: JsonRpcNotificationMessage(2.0, sbt/readSystemIn, "")[0m
[0m[[0m[0mdebug[0m] [0m[0mjsonRpcNotify: JsonRpcNotificationMessage(2.0, sbt/readSystemIn, "")[0m
[0m[[0m[0mdebug[0m] [0m[0mjsonRpcNotify: JsonRpcNotificationMessage(2.0, sbt/readSystemIn, "")[0m
[0m[[0m[0mdebug[0m] [0m[0mjsonRpcNotify: JsonRpcNotificationMessage(2.0, sbt/readSystemIn, "")[0m
[0m[[0m[0mdebug[0m] [0m[0mjsonRpcNotify: JsonRpcNotificationMessage(2.0, sbt/readSystemIn, "")[0m
[0m[[0m[0mdebug[0m] [0m[0mjsonRpcNotify: JsonRpcNotificationMessage(2.0, sbt/readSystemIn, "")[0m
[0m[[0m[0mdebug[0m] [0m[0mjsonRpcNotify: JsonRpcNotificationMessage(2.0, sbt/readSystemIn, "")[0m
[0m[[0m[0mdebug[0m] [0m[0mjsonRpcNotify: JsonRpcNotificationMessage(2.0, sbt/readSystemIn, "")[0m
[0m[[0m[0mdebug[0m] [0m[0mjsonRpcNotify: JsonRpcNotificationMessage(2.0, sbt/readSystemIn, "")[0m
[0m[[0m[0mdebug[0m] [0m[0mjsonRpcNotify: JsonRpcNotificationMessage(2.0, sbt/readSystemIn, "")[0m
[0m[[0m[0mdebug[0m] [0m[0mjsonRpcNotify: JsonRpcNotificationMessage(2.0, sbt/readSystemIn, "")[0m
[0m[[0m[0mdebug[0m] [0m[0mjsonRpcNotify: JsonRpcNotificationMessage(2.0, sbt/readSystemIn, "")[0m
[0m[[0m[0mdebug[0m] [0m[0mjsonRpcNotify: JsonRpcNotificationMessage(2.0, sbt/readSystemIn, "")[0m
[0m[[0m[0mdebug[0m] [0m[0mjsonRpcNotify: JsonRpcNotificationMessage(2.0, sbt/readSystemIn, "")[0m
[0m[[0m[0mdebug[0m] [0m[0mjsonRpcNotify: JsonRpcNotificationMessage(2.0, sbt/readSystemIn, "")[0m
[0m[[0m[0mdebug[0m] [0m[0mjsonRpcNotify: JsonRpcNotificationMessage(2.0, sbt/readSystemIn, "")[0m
[0m[[0m[0mdebug[0m] [0m[0mjsonRpcNotify: JsonRpcNotificationMessage(2.0, sbt/readSystemIn, "")[0m
[0m[[0m[0mdebug[0m] [0m[0mjsonRpcNotify: JsonRpcNotificationMessage(2.0, sbt/readSystemIn, "")[0m
[0m[[0m[0mdebug[0m] [0m[0mjsonRpcNotify: JsonRpcNotificationMessage(2.0, sbt/readSystemIn, "")[0m
[0m[[0m[0mdebug[0m] [0m[0mjsonRpcNotify: JsonRpcNotificationMessage(2.0, sbt/readSystemIn, "")[0m
[0m[[0m[0mdebug[0m] [0m[0mjsonRpcNotify: JsonRpcNotificationMessage(2.0, sbt/readSystemIn, "")[0m
[0m[[0m[0mdebug[0m] [0m[0mjsonRpcNotify: JsonRpcNotificationMessage(2.0, sbt/readSystemIn, "")[0m
[0m[[0m[0mdebug[0m] [0m[0mjsonRpcNotify: JsonRpcNotificationMessage(2.0, sbt/readSystemIn, "")[0m
[0m[[0m[0mdebug[0m] [0m[0mjsonRpcNotify: JsonRpcNotificationMessage(2.0, sbt/readSystemIn, "")[0m
[0m[[0m[0mdebug[0m] [0m[0mjsonRpcNotify: JsonRpcNotificationMessage(2.0, sbt/readSystemIn, "")[0m
[0m[[0m[0mdebug[0m] [0m[0mjsonRpcNotify: JsonRpcNotificationMessage(2.0, sbt/readSystemIn, "")[0m
[0m[[0m[0mdebug[0m] [0m[0mjsonRpcNotify: JsonRpcNotificationMessage(2.0, sbt/readSystemIn, "")[0m
[0m[[0m[0mdebug[0m] [0m[0mjsonRpcNotify: JsonRpcNotificationMessage(2.0, sbt/readSystemIn, "")[0m
[0m[[0m[0mdebug[0m] [0m[0mjsonRpcNotify: JsonRpcNotificationMessage(2.0, sbt/readSystemIn, "")[0m
[0m[[0m[0mdebug[0m] [0m[0mjsonRpcNotify: JsonRpcNotificationMessage(2.0, sbt/readSystemIn, "")[0m
[0m[[0m[0mdebug[0m] [0m[0mjsonRpcNotify: JsonRpcNotificationMessage(2.0, sbt/readSystemIn, "")[0m
[0m[[0m[0mdebug[0m] [0m[0mjsonRpcNotify: JsonRpcNotificationMessage(2.0, sbt/readSystemIn, "")[0m
[0m[[0m[0mdebug[0m] [0m[0mjsonRpcNotify: JsonRpcNotificationMessage(2.0, sbt/readSystemIn, "")[0m
[0m[[0m[0mdebug[0m] [0m[0mjsonRpcNotify: JsonRpcNotificationMessage(2.0, sbt/readSystemIn, "")[0m
[0m[[0m[0mdebug[0m] [0m[0mjsonRpcNotify: JsonRpcNotificationMessage(2.0, sbt/readSystemIn, "")[0m
[0m[[0m[0mdebug[0m] [0m[0mjsonRpcNotify: JsonRpcNotificationMessage(2.0, sbt/readSystemIn, "")[0m
[0m[[0m[0mdebug[0m] [0m[0mjsonRpcNotify: JsonRpcNotificationMessage(2.0, sbt/readSystemIn, "")[0m
[0m[[0m[0mdebug[0m] [0m[0mjsonRpcNotify: JsonRpcNotificationMessage(2.0, sbt/readSystemIn, "")[0m
[0m[[0m[0mdebug[0m] [0m[0mjsonRpcNotify: JsonRpcNotificationMessage(2.0, sbt/readSystemIn, "")[0m
[0m[[0m[0mdebug[0m] [0m[0mjsonRpcNotify: JsonRpcNotificationMessage(2.0, sbt/readSystemIn, "")[0m
[0m[[0m[0mdebug[0m] [0m[0mjsonRpcNotify: JsonRpcNotificationMessage(2.0, sbt/readSystemIn, "")[0m
[0m[[0m[0mdebug[0m] [0m[0mjsonRpcNotify: JsonRpcNotificationMessage(2.0, sbt/readSystemIn, "")[0m
[0m[[0m[0mdebug[0m] [0m[0mjsonRpcNotify: JsonRpcNotificationMessage(2.0, sbt/readSystemIn, "")[0m
[0m[[0m[0mdebug[0m] [0m[0mjsonRpcNotify: JsonRpcNotificationMessage(2.0, sbt/readSystemIn, "")[0m
[0m[[0m[0mdebug[0m] [0m[0mjsonRpcNotify: JsonRpcNotificationMessage(2.0, sbt/readSystemIn, "")[0m
[0m[[0m[0mdebug[0m] [0m[0mjsonRpcNotify: JsonRpcNotificationMessage(2.0, sbt/readSystemIn, "")[0m
[0m[[0m[0mdebug[0m] [0m[0mjsonRpcNotify: JsonRpcNotificationMessage(2.0, sbt/readSystemIn, "")[0m
[0m[[0m[0mdebug[0m] [0m[0mjsonRpcNotify: JsonRpcNotificationMessage(2.0, sbt/readSystemIn, "")[0m
[0m[[0m[0mdebug[0m] [0m[0mjsonRpcNotify: JsonRpcNotificationMessage(2.0, sbt/readSystemIn, "")[0m
[0m[[0m[0mdebug[0m] [0m[0mjsonRpcRequest: JsonRpcRequestMessage(2.0, 85c1a2e2-89e2-4ec5-a9bd-286ab3468edc, sbt/terminalSetRawMode, {"toggle":false}})[0m
