[0m[[0m[0mdebug[0m] [0m[0m> Exec(__stopWatch network-1, None, None)[0m
[0m[[0m[0mdebug[0m] [0m[0mjsonRpcNotify: JsonRpcNotificationMessage(2.0, shutdown, [true,null])[0m
[0m[[0m[0mdebug[0m] [0m[0mjsonRpcNotify: JsonRpcNotificationMessage(2.0, shutdown, [true,null])[0m
[0m[[0m[0mdebug[0m] [0m[0mjsonRpcNotify: JsonRpcNotificationMessage(2.0, shutdown, [false,null])[0m
[0m[[0m[0mdebug[0m] [0m[0m> Exec(shell, None, None)[0m
[0m[[0m[0mdebug[0m] [0m[0mjsonRpcNotify: JsonRpcNotificationMessage(2.0, sbt/systemErr, [69,120,99,101,112,116,105,111,110,32,105,110,32,116,104,114,101,97,100,32,34,115,98,116,45,110,101,116,119,111,114,107,45,49,45,119,114,105,116,101,45,116,104,114,101,97,100,34,32])[0m
[0m[[0m[0mdebug[0m] [0m[0mjsonRpcNotify: JsonRpcNotificationMessage(2.0, sbt/systemErr, [115,106,115,111,110,110,101,119,46,83,101,114,105,97,108,105,122,97,116,105,111,110,69,120,99,101,112,116,105,111,110,58,32,101,114,114,111,114,32,119,104,105,108,101,32,119,114,105,116,105,110,103,32,116,104,101,32,102,105,101,108,100,32,112,97,114,97,109,115])[0m
[0m[[0m[0mdebug[0m] [0m[0mjsonRpcNotify: JsonRpcNotificationMessage(2.0, sbt/systemErr, [10])[0m
[0m[[0m[0mdebug[0m] [0m[0mjsonRpcNotify: JsonRpcNotificationMessage(2.0, sbt/systemErr, [9,97,116,32,115,106,115,111,110,110,101,119,46,112,97,99,107,97,103,101,36,46,115,101,114,105,97,108,105,122,97,116,105,111,110,69,114,114,111,114,40,112,97,99,107,97,103,101,46,115,99,97,108,97,58,50,52,41])[0m
[0m[[0m[0mdebug[0m] [0m[0mjsonRpcNotify: JsonRpcNotificationMessage(2.0, sbt/systemErr, [10])[0m
[0m[[0m[0mdebug[0m] [0m[0mjsonRpcNotify: JsonRpcNotificationMessage(2.0, sbt/systemErr, [9,97,116,32,115,106,115,111,110,110,101,119,46,66,117,105,108,100,101,114,46,97,100,100,70,105,101,108,100,40,66,117,105,108,100,101,114,46,115,99,97,108,97,58,52,56,41])[0m
[0m[[0m[0mdebug[0m] [0m[0mjsonRpcNotify: JsonRpcNotificationMessage(2.0, sbt/systemErr, [10])[0m
[0m[[0m[0mdebug[0m] [0m[0mjsonRpcNotify: JsonRpcNotificationMessage(2.0, sbt/systemErr, [9,97,116,32,115,98,116,46,105,110,116,101,114,110,97,108,46,112,114,111,116,111,99,111,108,46,99,111,100,101,99,46,74,115,111,110,82,112,99,78,111,116,105,102,105,99,97,116,105,111,110,77,101,115,115,97,103,101,70,111,114,109,97,116,115,36,36,97,110,111,110,36,49,46,119,114,105,116,101,40,74,115,111,110,82,112,99,78,111,116,105,102,105,99,97,116,105,111,110,77,101,115,115,97,103,101,70,111,114,109,97,116,115,46,115,99,97,108,97,58,52,52,41])[0m
[0m[[0m[0mdebug[0m] [0m[0mjsonRpcNotify: JsonRpcNotificationMessage(2.0, sbt/systemErr, [10])[0m
[0m[[0m[0mdebug[0m] [0m[0mjsonRpcNotify: JsonRpcNotificationMessage(2.0, sbt/systemErr, [9,97,116,32,115,98,116,46,105,110,116,101,114,110,97,108,46,112,114,111,116,111,99,111,108,46,99,111,100,101,99,46,74,115,111,110,82,112,99,78,111,116,105,102,105,99,97,116,105,111,110,77,101,115,115,97,103,101,70,111,114,109,97,116,115,36,36,97,110,111,110,36,49,46,119,114,105,116,101,40,74,115,111,110,82,112,99,78,111,116,105,102,105,99,97,116,105,111,110,77,101,115,115,97,103,101,70,111,114,109,97,116,115,46,115,99,97,108,97,58,51,55,41])[0m
[0m[[0m[0mdebug[0m] [0m[0mjsonRpcNotify: JsonRpcNotificationMessage(2.0, sbt/systemErr, [10])[0m
[0m[[0m[0mdebug[0m] [0m[0mjsonRpcNotify: JsonRpcNotificationMessage(2.0, sbt/systemErr, [9,97,116,32,115,106,115,111,110,110,101,119,46,83,117,112,112,111,114,116,67,111,110,118,101,114,116,101,114,46,116,111,74,115,111,110,85,110,115,97,102,101,40,83,117,112,112,111,114,116,67,111,110,118,101,114,116,101,114,46,115,99,97,108,97,58,50,51,41])[0m
[0m[[0m[0mdebug[0m] [0m[0mjsonRpcNotify: JsonRpcNotificationMessage(2.0, sbt/systemErr, [10])[0m
[0m[[0m[0mdebug[0m] [0m[0mjsonRpcNotify: JsonRpcNotificationMessage(2.0, sbt/systemErr, [9,97,116,32,115,106,115,111,110,110,101,119,46,83,117,112,112,111,114,116,67,111,110,118,101,114,116,101,114,46,116,111,74,115,111,110,85,110,115,97,102,101,36,40,83,117,112,112,111,114,116,67,111,110,118,101,114,116,101,114,46,115,99,97,108,97,58,53,41])[0m
[0m[[0m[0mdebug[0m] [0m[0mjsonRpcNotify: JsonRpcNotificationMessage(2.0, sbt/systemErr, [10])[0m
[0m[[0m[0mdebug[0m] [0m[0mjsonRpcNotify: JsonRpcNotificationMessage(2.0, sbt/systemErr, [9,97,116,32,115,106,115,111,110,110,101,119,46,115,117,112,112,111,114,116,46,115,99,97,108,97,106,115,111,110,46,117,110,115,97,102,101,46,67,111,110,118,101,114,116,101,114,36,46,116,111,74,115,111,110,85,110,115,97,102,101,40,67,111,110,118,101,114,116,101,114,46,115,99,97,108,97,58,55,41])[0m
[0m[[0m[0mdebug[0m] [0m[0mjsonRpcNotify: JsonRpcNotificationMessage(2.0, sbt/systemErr, [10])[0m
[0m[[0m[0mdebug[0m] [0m[0mjsonRpcNotify: JsonRpcNotificationMessage(2.0, sbt/systemErr, [9,97,116,32,115,106,115,111,110,110,101,119,46,83,117,112,112,111,114,116,67,111,110,118,101,114,116,101,114,46,116,111,74,115,111,110,36,36,97,110,111,110,102,117,110,36,49,40,83,117,112,112,111,114,116,67,111,110,118,101,114,116,101,114,46,115,99,97,108,97,58,49,52,41])[0m
[0m[[0m[0mdebug[0m] [0m[0mjsonRpcNotify: JsonRpcNotificationMessage(2.0, sbt/systemErr, [10])[0m
[0m[[0m[0mdebug[0m] [0m[0mjsonRpcNotify: JsonRpcNotificationMessage(2.0, sbt/systemErr, [9,97,116,32,115,99,97,108,97,46,117,116,105,108,46,84,114,121,36,46,97,112,112,108,121,40,84,114,121,46,115,99,97,108,97,58,49,57,57,41])[0m
[0m[[0m[0mdebug[0m] [0m[0mjsonRpcNotify: JsonRpcNotificationMessage(2.0, sbt/systemErr, [10])[0m
[0m[[0m[0mdebug[0m] [0m[0mjsonRpcNotify: JsonRpcNotificationMessage(2.0, sbt/systemErr, [9,97,116,32,115,106,115,111,110,110,101,119,46,83,117,112,112,111,114,116,67,111,110,118,101,114,116,101,114,46,116,111,74,115,111,110,40,83,117,112,112,111,114,116,67,111,110,118,101,114,116,101,114,46,115,99,97,108,97,58,49,52,41])[0m
[0m[[0m[0mdebug[0m] [0m[0mjsonRpcNotify: JsonRpcNotificationMessage(2.0, sbt/systemErr, [10])[0m
[0m[[0m[0mdebug[0m] [0m[0mjsonRpcNotify: JsonRpcNotificationMessage(2.0, sbt/systemErr, [9,97,116,32,115,106,115,111,110,110,101,119,46,83,117,112,112,111,114,116,67,111,110,118,101,114,116,101,114,46,116,111,74,115,111,110,36,40,83,117,112,112,111,114,116,67,111,110,118,101,114,116,101,114,46,115,99,97,108,97,58,53,41])[0m
[0m[[0m[0mdebug[0m] [0m[0mjsonRpcNotify: JsonRpcNotificationMessage(2.0, sbt/systemErr, [10])[0m
[0m[[0m[0mdebug[0m] [0m[0mjsonRpcNotify: JsonRpcNotificationMessage(2.0, sbt/systemErr, [9,97,116,32,115,106,115,111,110,110,101,119,46,115,117,112,112,111,114,116,46,115,99,97,108,97,106,115,111,110,46,117,110,115,97,102,101,46,67,111,110,118,101,114,116,101,114,36,46,116,111,74,115,111,110,40,67,111,110,118,101,114,116,101,114,46,115,99,97,108,97,58,55,41])[0m
[0m[[0m[0mdebug[0m] [0m[0mjsonRpcNotify: JsonRpcNotificationMessage(2.0, sbt/systemErr, [10])[0m
[0m[[0m[0mdebug[0m] [0m[0mjsonRpcNotify: JsonRpcNotificationMessage(2.0, sbt/systemErr, [9,97,116,32,115,98,116,46,112,114,111,116,111,99,111,108,46,83,101,114,105,97,108,105,122,97,116,105,111,110,36,46,115,101,114,105,97,108,105,122,101,82,101,115,112,111,110,115,101,40,83,101,114,105,97,108,105,122,97,116,105,111,110,46,115,99,97,108,97,58,49,50,51,41])[0m
[0m[[0m[0mdebug[0m] [0m[0mjsonRpcNotify: JsonRpcNotificationMessage(2.0, sbt/systemErr, [10])[0m
[0m[[0m[0mdebug[0m] [0m[0mjsonRpcNotify: JsonRpcNotificationMessage(2.0, sbt/systemErr, [9,97,116,32,115,98,116,46,112,114,111,116,111,99,111,108,46,83,101,114,105,97,108,105,122,97,116,105,111,110,36,46,115,101,114,105,97,108,105,122,101,78,111,116,105,102,105,99,97,116,105,111,110,77,101,115,115,97,103,101,40,83,101,114,105,97,108,105,122,97,116,105,111,110,46,115,99,97,108,97,58,49,49,57,41])[0m
[0m[[0m[0mdebug[0m] [0m[0msbt server started at local:///home/vboxuser/.config/sbt/2/server/34e5931a6381d8882916/sock[0m
[0m[[0m[0mdebug[0m] [0m[0mWriting bsp connection file[0m
[0m[[0m[0mdebug[0m] [0m[0mstarted sbt server[0m
[0m[[0m[0mdebug[0m] [0m[0mjsonRpcNotify: JsonRpcNotificationMessage(2.0, sbt/systemErr, [10])[0m
[0m[[0m[0mdebug[0m] [0m[0mjsonRpcNotify: JsonRpcNotificationMessage(2.0, sbt/systemErr, [9,97,116,32,115,98,116,46,105,110,116,101,114,110,97,108,46,115,101,114,118,101,114,46,78,101,116,119,111,114,107,67,104,97,110,110,101,108,46,106,115,111,110,82,112,99,78,111,116,105,102,121,40,78,101,116,119,111,114,107,67,104,97,110,110,101,108,46,115,99,97,108,97,58,54,52,53,41])[0m
[0m[[0m[0mdebug[0m] [0m[0mjsonRpcNotify: JsonRpcNotificationMessage(2.0, sbt/systemErr, [10])[0m
