[0m[[0m[0mdebug[0m] [0m[0m> Exec(sbtStashOnFailure, None, None)[0m
[0m[[0m[0mdebug[0m] [0m[0m> Exec(sbtMapExec 18d93668-f958-4996-b53c-5539375caa5b __a5e445fc-1b98-4a00-b989-96a695acf06e, None, None)[0m
[0m[[0m[0mdebug[0m] [0m[0m> Exec(testOnly TopTest -- -DwriteVcd=1, Some(__a5e445fc-1b98-4a00-b989-96a695acf06e), Some(CommandSource(network-1)))[0m
[0m[[0m[0mdebug[0m] [0m[0munmatched Processing event for requestId Some(__a5e445fc-1b98-4a00-b989-96a695acf06e): None[0m
[0m[[0m[0mdebug[0m] [0m[0mRunning task... Cancel: Signal, check cycles: false, forcegc: true[0m
[0m[[0m[0mdebug[0m] [0m[0mjsonRpcNotify: JsonRpcNotificationMessage(2.0, build/taskStart, {"taskId":{"id":"1","parents":[]},"eventTime":1790018590166,"message":"Compiling root","dataKind":"compile-task","data":{"target":{"uri":"file:/home/vboxuser/Desktop/RISCV/#root/Compile"}}})[0m
[0m[[0m[0mdebug[0m] [0m[0mjsonRpcRequest: JsonRpcRequestMessage(2.0, ab4e69c0-c931-4ff4-843c-64edc3a3defe, sbt/terminalPropertiesQuery, ""})[0m
[0m[[0m[0minfo[0m] [0m[0mcompiling 8 Scala sources to /home/vboxuser/Desktop/RISCV/target/out/jvm/scala-2.12.13/riscv_project/classes ...[0m
[0m[[0m[0mdebug[0m] [0m[0mjsonRpcNotify: JsonRpcNotificationMessage(2.0, build/logMessage, {"type":3,"message":"compiling 8 Scala sources to /home/vboxuser/Desktop/RISCV/target/out/jvm/scala-2.12.13/riscv_project/classes ..."})[0m
[0m[[0m[0mdebug[0m] [0m[0mjsonRpcRequest: JsonRpcRequestMessage(2.0, 11453877-28cd-4f8f-8b38-879f02603b64, sbt/terminalPropertiesQuery, ""})[0m
[0m[[0m[0mdebug[0m] [0m[0mjsonRpcNotify: JsonRpcNotificationMessage(2.0, build/taskProgress, {"taskId":{"id":"1","parents":[]},"eventTime":1790018592872,"message":"Compiling root (0%)","total":224,"progress":0,"dataKind":"compile-progress","data":{"target":{"uri":"file:/home/vboxuser/Desktop/RISCV/#root/Compile"}}})[0m
[0m[[0m[0mdebug[0m] [0m[0mjsonRpcNotify: JsonRpcNotificationMessage(2.0, build/taskProgress, {"taskId":{"id":"1","parents":[]},"eventTime":1790018592893,"message":"Compiling root (0%)","total":224,"progress":0,"dataKind":"compile-progress","data":{"target":{"uri":"file:/home/vboxuser/Desktop/RISCV/#root/Compile"}}})[0m
[0m[[0m[0mdebug[0m] [0m[0mjsonRpcNotify: JsonRpcNotificationMessage(2.0, build/taskProgress, {"taskId":{"id":"1","parents":[]},"eventTime":1790018593025,"message":"Compiling root (5%)","total":224,"progress":5,"dataKind":"compile-progress","data":{"target":{"uri":"file:/home/vboxuser/Desktop/RISCV/#root/Compile"}}})[0m
[0m[[0m[0mdebug[0m] [0m[0mjsonRpcNotify: JsonRpcNotificationMessage(2.0, build/taskProgress, {"taskId":{"id":"1","parents":[]},"eventTime":1790018593035,"message":"Compiling root (5%)","total":224,"progress":5,"dataKind":"compile-progress","data":{"target":{"uri":"file:/home/vboxuser/Desktop/RISCV/#root/Compile"}}})[0m
[0m[[0m[0mdebug[0m] [0m[0mjsonRpcNotify: JsonRpcNotificationMessage(2.0, build/taskProgress, {"taskId":{"id":"1","parents":[]},"eventTime":1790018593045,"message":"Compiling root (10%)","total":224,"progress":10,"dataKind":"compile-progress","data":{"target":{"uri":"file:/home/vboxuser/Desktop/RISCV/#root/Compile"}}})[0m
[0m[[0m[0mdebug[0m] [0m[0mjsonRpcNotify: JsonRpcNotificationMessage(2.0, build/taskProgress, {"taskId":{"id":"1","parents":[]},"eventTime":1790018593045,"message":"Compiling root (10%)","total":224,"progress":10,"dataKind":"compile-progress","data":{"target":{"uri":"file:/home/vboxuser/Desktop/RISCV/#root/Compile"}}})[0m
[0m[[0m[0mdebug[0m] [0m[0mjsonRpcNotify: JsonRpcNotificationMessage(2.0, build/taskProgress, {"taskId":{"id":"1","parents":[]},"eventTime":1790018593045,"message":"Compiling root (10%)","total":224,"progress":10,"dataKind":"compile-progress","data":{"target":{"uri":"file:/home/vboxuser/Desktop/RISCV/#root/Compile"}}})[0m
[0m[[0m[0mdebug[0m] [0m[0mjsonRpcNotify: JsonRpcNotificationMessage(2.0, build/publishDiagnostics, {"textDocument":{"uri":"file:///home/vboxuser/Desktop/RISCV/src/main/scala/core/ALU.scala"},"buildTarget":{"uri":"file:/home/vboxuser/Desktop/RISCV/#root/Compile"},"diagnostics":[{"range":{"start":{"line":4,"character":7},"end":{"line":4,"character":7}},"severity":1,"source":"sbt","message":"not found: object AluOp","relatedInformation":[]}],"reset":false})[0m
[0m[[0m[0mdebug[0m] [0m[0mjsonRpcRequest: JsonRpcRequestMessage(2.0, 48bb6649-5abf-461f-9977-050c26bf0f15, sbt/terminalPropertiesQuery, ""})[0m
[0m[[0m[31merror[0m] [0m[0m/home/vboxuser/Desktop/RISCV/src/main/scala/core/ALU.scala:5:8: not found: object AluOp[0m
[0m[[0m[31merror[0m] [0m[0mimport AluOp._[0m
[0m[[0m[31merror[0m] [0m[0m       ^[0m
[0m[[0m[0mdebug[0m] [0m[0mjsonRpcNotify: JsonRpcNotificationMessage(2.0, build/logMessage, {"type":1,"message":"/home/vboxuser/Desktop/RISCV/src/main/scala/core/ALU.scala:5:8: not found: object AluOp"})[0m
[0m[[0m[0mdebug[0m] [0m[0mjsonRpcNotify: JsonRpcNotificationMessage(2.0, build/logMessage, {"type":1,"message":"import AluOp._"})[0m
[0m[[0m[0mdebug[0m] [0m[0mjsonRpcNotify: JsonRpcNotificationMessage(2.0, build/logMessage, {"type":1,"message":"       ^"})[0m
[0m[[0m[0mdebug[0m] [0m[0mjsonRpcNotify: JsonRpcNotificationMessage(2.0, build/publishDiagnostics, {"textDocument":{"uri":"file:///home/vboxuser/Desktop/RISCV/src/main/scala/core/ALU.scala"},"buildTarget":{"uri":"file:/home/vboxuser/Desktop/RISCV/#root/Compile"},"diagnostics":[{"range":{"start":{"line":15,"character":29},"end":{"line":15,"character":29}},"severity":1,"source":"sbt","message":"not found: type Branch","relatedInformation":[]}],"reset":false})[0m
[0m[[0m[31merror[0m] [0m[0m/home/vboxuser/Desktop/RISCV/src/main/scala/core/ALU.scala:16:30: not found: type Branch[0m
[0m[[0m[31merror[0m] [0m[0m  val br_module = Module(new Branch)[0m
[0m[[0m[31merror[0m] [0m[0m                             ^[0m
[0m[[0m[0mdebug[0m] [0m[0mjsonRpcNotify: JsonRpcNotificationMessage(2.0, build/logMessage, {"type":1,"message":"/home/vboxuser/Desktop/RISCV/src/main/scala/core/ALU.scala:16:30: not found: type Branch"})[0m
[0m[[0m[0mdebug[0m] [0m[0mjsonRpcNotify: JsonRpcNotificationMessage(2.0, build/logMessage, {"type":1,"message":"  val br_module = Module(new Branch)"})[0m
[0m[[0m[0mdebug[0m] [0m[0mjsonRpcNotify: JsonRpcNotificationMessage(2.0, build/logMessage, {"type":1,"message":"                             ^"})[0m
[0m[[0m[0mdebug[0m] [0m[0mjsonRpcNotify: JsonRpcNotificationMessage(2.0, build/publishDiagnostics, {"textDocument":{"uri":"file:///home/vboxuser/Desktop/RISCV/src/main/scala/core/ALU.scala"},"buildTarget":{"uri":"file:/home/vboxuser/Desktop/RISCV/#root/Compile"},"diagnostics":[{"range":{"start":{"line":20,"character":7},"end":{"line":20,"character":7}},"severity":1,"source":"sbt","message":"not found: value ALU_ADD","relatedInformation":[]}],"reset":false})[0m
[0m[[0m[31merror[0m] [0m[0m/home/vboxuser/Desktop/RISCV/src/main/scala/core/ALU.scala:21:8: not found: value ALU_ADD[0m
[0m[[0m[31merror[0m] [0m[0m    is(ALU_ADD) {[0m
[0m[[0m[31merror[0m] [0m[0m       ^[0m
[0m[[0m[0mdebug[0m] [0m[0mjsonRpcNotify: JsonRpcNotificationMessage(2.0, build/logMessage, {"type":1,"message":"/home/vboxuser/Desktop/RISCV/src/main/scala/core/ALU.scala:21:8: not found: value ALU_ADD"})[0m
[0m[[0m[0mdebug[0m] [0m[0mjsonRpcNotify: JsonRpcNotificationMessage(2.0, build/logMessage, {"type":1,"message":"    is(ALU_ADD) {"})[0m
[0m[[0m[0mdebug[0m] [0m[0mjsonRpcNotify: JsonRpcNotificationMessage(2.0, build/logMessage, {"type":1,"message":"       ^"})[0m
[0m[[0m[0mdebug[0m] [0m[0mjsonRpcNotify: JsonRpcNotificationMessage(2.0, build/publishDiagnostics, {"textDocument":{"uri":"file:///home/vboxuser/Desktop/RISCV/src/main/scala/core/ALU.scala"},"buildTarget":{"uri":"file:/home/vboxuser/Desktop/RISCV/#root/Compile"},"diagnostics":[{"range":{"start":{"line":23,"character":7},"end":{"line":23,"character":7}},"severity":1,"source":"sbt","message":"not found: value ALU_SLL","relatedInformation":[]}],"reset":false})[0m
[0m[[0m[31merror[0m] [0m[0m/home/vboxuser/Desktop/RISCV/src/main/scala/core/ALU.scala:24:8: not found: value ALU_SLL[0m
[0m[[0m[31merror[0m] [0m[0m    is(ALU_SLL) {[0m
[0m[[0m[31merror[0m] [0m[0m       ^[0m
[0m[[0m[0mdebug[0m] [0m[0mjsonRpcNotify: JsonRpcNotificationMessage(2.0, build/logMessage, {"type":1,"message":"/home/vboxuser/Desktop/RISCV/src/main/scala/core/ALU.scala:24:8: not found: value ALU_SLL"})[0m
[0m[[0m[0mdebug[0m] [0m[0mjsonRpcNotify: JsonRpcNotificationMessage(2.0, build/logMessage, {"type":1,"message":"    is(ALU_SLL) {"})[0m
[0m[[0m[0mdebug[0m] [0m[0mjsonRpcNotify: JsonRpcNotificationMessage(2.0, build/logMessage, {"type":1,"message":"       ^"})[0m
[0m[[0m[0mdebug[0m] [0m[0mjsonRpcNotify: JsonRpcNotificationMessage(2.0, build/publishDiagnostics, {"textDocument":{"uri":"file:///home/vboxuser/Desktop/RISCV/src/main/scala/core/ALU.scala"},"buildTarget":{"uri":"file:/home/vboxuser/Desktop/RISCV/#root/Compile"},"diagnostics":[{"range":{"start":{"line":26,"character":7},"end":{"line":26,"character":7}},"severity":1,"source":"sbt","message":"not found: value ALU_SLT","relatedInformation":[]}],"reset":false})[0m
[0m[[0m[31merror[0m] [0m[0m/home/vboxuser/Desktop/RISCV/src/main/scala/core/ALU.scala:27:8: not found: value ALU_SLT[0m
[0m[[0m[31merror[0m] [0m[0m    is(ALU_SLT, ALU_BLT) {[0m
[0m[[0m[31merror[0m] [0m[0m       ^[0m
[0m[[0m[0mdebug[0m] [0m[0mjsonRpcNotify: JsonRpcNotificationMessage(2.0, build/logMessage, {"type":1,"message":"/home/vboxuser/Desktop/RISCV/src/main/scala/core/ALU.scala:27:8: not found: value ALU_SLT"})[0m
[0m[[0m[0mdebug[0m] [0m[0mjsonRpcNotify: JsonRpcNotificationMessage(2.0, build/logMessage, {"type":1,"message":"    is(ALU_SLT, ALU_BLT) {"})[0m
[0m[[0m[0mdebug[0m] [0m[0mjsonRpcNotify: JsonRpcNotificationMessage(2.0, build/logMessage, {"type":1,"message":"       ^"})[0m
[0m[[0m[0mdebug[0m] [0m[0mjsonRpcNotify: JsonRpcNotificationMessage(2.0, build/publishDiagnostics, {"textDocument":{"uri":"file:///home/vboxuser/Desktop/RISCV/src/main/scala/core/ALU.scala"},"buildTarget":{"uri":"file:/home/vboxuser/Desktop/RISCV/#root/Compile"},"diagnostics":[{"range":{"start":{"line":26,"character":16},"end":{"line":26,"character":16}},"severity":1,"source":"sbt","message":"not found: value ALU_BLT","relatedInformation":[]}],"reset":false})[0m
[0m[[0m[31merror[0m] [0m[0m/home/vboxuser/Desktop/RISCV/src/main/scala/core/ALU.scala:27:17: not found: value ALU_BLT[0m
[0m[[0m[31merror[0m] [0m[0m    is(ALU_SLT, ALU_BLT) {[0m
[0m[[0m[31merror[0m] [0m[0m                ^[0m
[0m[[0m[0mdebug[0m] [0m[0mjsonRpcNotify: JsonRpcNotificationMessage(2.0, build/logMessage, {"type":1,"message":"/home/vboxuser/Desktop/RISCV/src/main/scala/core/ALU.scala:27:17: not found: value ALU_BLT"})[0m
[0m[[0m[0mdebug[0m] [0m[0mjsonRpcNotify: JsonRpcNotificationMessage(2.0, build/logMessage, {"type":1,"message":"    is(ALU_SLT, ALU_BLT) {"})[0m
[0m[[0m[0mdebug[0m] [0m[0mjsonRpcNotify: JsonRpcNotificationMessage(2.0, build/logMessage, {"type":1,"message":"                ^"})[0m
[0m[[0m[0mdebug[0m] [0m[0mjsonRpcNotify: JsonRpcNotificationMessage(2.0, build/publishDiagnostics, {"textDocument":{"uri":"file:///home/vboxuser/Desktop/RISCV/src/main/scala/core/ALU.scala"},"buildTarget":{"uri":"file:/home/vboxuser/Desktop/RISCV/#root/Compile"},"diagnostics":[{"range":{"start":{"line":29,"character":7},"end":{"line":29,"character":7}},"severity":1,"source":"sbt","message":"not found: value ALU_SLTU","relatedInformation":[]}],"reset":false})[0m
[0m[[0m[31merror[0m] [0m[0m/home/vboxuser/Desktop/RISCV/src/main/scala/core/ALU.scala:30:8: not found: value ALU_SLTU[0m
[0m[[0m[31merror[0m] [0m[0m    is(ALU_SLTU, ALU_BLTU) {[0m
[0m[[0m[31merror[0m] [0m[0m       ^[0m
[0m[[0m[0mdebug[0m] [0m[0mjsonRpcNotify: JsonRpcNotificationMessage(2.0, build/logMessage, {"type":1,"message":"/home/vboxuser/Desktop/RISCV/src/main/scala/core/ALU.scala:30:8: not found: value ALU_SLTU"})[0m
[0m[[0m[0mdebug[0m] [0m[0mjsonRpcNotify: JsonRpcNotificationMessage(2.0, build/logMessage, {"type":1,"message":"    is(ALU_SLTU, ALU_BLTU) {"})[0m
[0m[[0m[0mdebug[0m] [0m[0mjsonRpcNotify: JsonRpcNotificationMessage(2.0, build/logMessage, {"type":1,"message":"       ^"})[0m
[0m[[0m[0mdebug[0m] [0m[0mjsonRpcNotify: JsonRpcNotificationMessage(2.0, build/publishDiagnostics, {"textDocument":{"uri":"file:///home/vboxuser/Desktop/RISCV/src/main/scala/core/ALU.scala"},"buildTarget":{"uri":"file:/home/vboxuser/Desktop/RISCV/#root/Compile"},"diagnostics":[{"range":{"start":{"line":29,"character":17},"end":{"line":29,"character":17}},"severity":1,"source":"sbt","message":"not found: value ALU_BLTU","relatedInformation":[]}],"reset":false})[0m
[0m[[0m[31merror[0m] [0m[0m/home/vboxuser/Desktop/RISCV/src/main/scala/core/ALU.scala:30:18: not found: value ALU_BLTU[0m
[0m[[0m[31merror[0m] [0m[0m    is(ALU_SLTU, ALU_BLTU) {[0m
[0m[[0m[31merror[0m] [0m[0m                 ^[0m
[0m[[0m[0mdebug[0m] [0m[0mjsonRpcNotify: JsonRpcNotificationMessage(2.0, build/logMessage, {"type":1,"message":"/home/vboxuser/Desktop/RISCV/src/main/scala/core/ALU.scala:30:18: not found: value ALU_BLTU"})[0m
[0m[[0m[0mdebug[0m] [0m[0mjsonRpcNotify: JsonRpcNotificationMessage(2.0, build/logMessage, {"type":1,"message":"    is(ALU_SLTU, ALU_BLTU) {"})[0m
[0m[[0m[0mdebug[0m] [0m[0mjsonRpcNotify: JsonRpcNotificationMessage(2.0, build/logMessage, {"type":1,"message":"                 ^"})[0m
[0m[[0m[0mdebug[0m] [0m[0mjsonRpcNotify: JsonRpcNotificationMessage(2.0, build/publishDiagnostics, {"textDocument":{"uri":"file:///home/vboxuser/Desktop/RISCV/src/main/scala/core/ALU.scala"},"buildTarget":{"uri":"file:/home/vboxuser/Desktop/RISCV/#root/Compile"},"diagnostics":[{"range":{"start":{"line":32,"character":7},"end":{"line":32,"character":7}},"severity":1,"source":"sbt","message":"not found: value ALU_XOR","relatedInformation":[]}],"reset":false})[0m
[0m[[0m[31merror[0m] [0m[0m/home/vboxuser/Desktop/RISCV/src/main/scala/core/ALU.scala:33:8: not found: value ALU_XOR[0m
[0m[[0m[31merror[0m] [0m[0m    is(ALU_XOR) {[0m
[0m[[0m[31merror[0m] [0m[0m       ^[0m
[0m[[0m[0mdebug[0m] [0m[0mjsonRpcNotify: JsonRpcNotificationMessage(2.0, build/logMessage, {"type":1,"message":"/home/vboxuser/Desktop/RISCV/src/main/scala/core/ALU.scala:33:8: not found: value ALU_XOR"})[0m
[0m[[0m[0mdebug[0m] [0m[0mjsonRpcNotify: JsonRpcNotificationMessage(2.0, build/logMessage, {"type":1,"message":"    is(ALU_XOR) {"})[0m
[0m[[0m[0mdebug[0m] [0m[0mjsonRpcNotify: JsonRpcNotificationMessage(2.0, build/logMessage, {"type":1,"message":"       ^"})[0m
[0m[[0m[0mdebug[0m] [0m[0mjsonRpcNotify: JsonRpcNotificationMessage(2.0, build/publishDiagnostics, {"textDocument":{"uri":"file:///home/vboxuser/Desktop/RISCV/src/main/scala/core/ALU.scala"},"buildTarget":{"uri":"file:/home/vboxuser/Desktop/RISCV/#root/Compile"},"diagnostics":[{"range":{"start":{"line":35,"character":7},"end":{"line":35,"character":7}},"severity":1,"source":"sbt","message":"not found: value ALU_SRL","relatedInformation":[]}],"reset":false})[0m
[0m[[0m[31merror[0m] [0m[0m/home/vboxuser/Desktop/RISCV/src/main/scala/core/ALU.scala:36:8: not found: value ALU_SRL[0m
[0m[[0m[31merror[0m] [0m[0m    is(ALU_SRL) {[0m
[0m[[0m[31merror[0m] [0m[0m       ^[0m
[0m[[0m[0mdebug[0m] [0m[0mjsonRpcNotify: JsonRpcNotificationMessage(2.0, build/logMessage, {"type":1,"message":"/home/vboxuser/Desktop/RISCV/src/main/scala/core/ALU.scala:36:8: not found: value ALU_SRL"})[0m
[0m[[0m[0mdebug[0m] [0m[0mjsonRpcNotify: JsonRpcNotificationMessage(2.0, build/logMessage, {"type":1,"message":"    is(ALU_SRL) {"})[0m
[0m[[0m[0mdebug[0m] [0m[0mjsonRpcNotify: JsonRpcNotificationMessage(2.0, build/logMessage, {"type":1,"message":"       ^"})[0m
[0m[[0m[0mdebug[0m] [0m[0mjsonRpcNotify: JsonRpcNotificationMessage(2.0, build/publishDiagnostics, {"textDocument":{"uri":"file:///home/vboxuser/Desktop/RISCV/src/main/scala/core/ALU.scala"},"buildTarget":{"uri":"file:/home/vboxuser/Desktop/RISCV/#root/Compile"},"diagnostics":[{"range":{"start":{"line":41,"character":7},"end":{"line":41,"character":7}},"severity":1,"source":"sbt","message":"not found: value ALU_OR","relatedInformation":[]}],"reset":false})[0m
[0m[[0m[0mdebug[0m] [0m[0mjsonRpcRequest: JsonRpcRequestMessage(2.0, 0c92c753-84f1-4b16-8713-569c2dd1a6fa, sbt/terminalPropertiesQuery, ""})[0m
[0m[[0m[31merror[0m] [0m[0m/home/vboxuser/Desktop/RISCV/src/main/scala/core/ALU.scala:42:8: not found: value ALU_OR[0m
[0m[[0m[31merror[0m] [0m[0m    is(ALU_OR) {[0m
[0m[[0m[31merror[0m] [0m[0m       ^[0m
[0m[[0m[0mdebug[0m] [0m[0mjsonRpcNotify: JsonRpcNotificationMessage(2.0, build/logMessage, {"type":1,"message":"/home/vboxuser/Desktop/RISCV/src/main/scala/core/ALU.scala:42:8: not found: value ALU_OR"})[0m
[0m[[0m[0mdebug[0m] [0m[0mjsonRpcNotify: JsonRpcNotificationMessage(2.0, build/logMessage, {"type":1,"message":"    is(ALU_OR) {"})[0m
[0m[[0m[0mdebug[0m] [0m[0mjsonRpcNotify: JsonRpcNotificationMessage(2.0, build/logMessage, {"type":1,"message":"       ^"})[0m
[0m[[0m[0mdebug[0m] [0m[0mjsonRpcNotify: JsonRpcNotificationMessage(2.0, build/publishDiagnostics, {"textDocument":{"uri":"file:///home/vboxuser/Desktop/RISCV/src/main/scala/core/ALU.scala"},"buildTarget":{"uri":"file:/home/vboxuser/Desktop/RISCV/#root/Compile"},"diagnostics":[{"range":{"start":{"line":44,"character":7},"end":{"line":44,"character":7}},"severity":1,"source":"sbt","message":"not found: value ALU_AND","relatedInformation":[]}],"reset":false})[0m
[0m[[0m[31merror[0m] [0m[0m/home/vboxuser/Desktop/RISCV/src/main/scala/core/ALU.scala:45:8: not found: value ALU_AND[0m
[0m[[0m[31merror[0m] [0m[0m    is(ALU_AND) {[0m
[0m[[0m[31merror[0m] [0m[0m       ^[0m
[0m[[0m[0mdebug[0m] [0m[0mjsonRpcNotify: JsonRpcNotificationMessage(2.0, build/logMessage, {"type":1,"message":"/home/vboxuser/Desktop/RISCV/src/main/scala/core/ALU.scala:45:8: not found: value ALU_AND"})[0m
[0m[[0m[0mdebug[0m] [0m[0mjsonRpcNotify: JsonRpcNotificationMessage(2.0, build/logMessage, {"type":1,"message":"    is(ALU_AND) {"})[0m
[0m[[0m[0mdebug[0m] [0m[0mjsonRpcNotify: JsonRpcNotificationMessage(2.0, build/logMessage, {"type":1,"message":"       ^"})[0m
[0m[[0m[0mdebug[0m] [0m[0mjsonRpcNotify: JsonRpcNotificationMessage(2.0, build/publishDiagnostics, {"textDocument":{"uri":"file:///home/vboxuser/Desktop/RISCV/src/main/scala/core/ALU.scala"},"buildTarget":{"uri":"file:/home/vboxuser/Desktop/RISCV/#root/Compile"},"diagnostics":[{"range":{"start":{"line":47,"character":7},"end":{"line":47,"character":7}},"severity":1,"source":"sbt","message":"not found: value ALU_SUB","relatedInformation":[]}],"reset":false})[0m
[0m[[0m[31merror[0m] [0m[0m/home/vboxuser/Desktop/RISCV/src/main/scala/core/ALU.scala:48:8: not found: value ALU_SUB[0m
[0m[[0m[31merror[0m] [0m[0m    is(ALU_SUB) {[0m
[0m[[0m[31merror[0m] [0m[0m       ^[0m
[0m[[0m[0mdebug[0m] [0m[0mjsonRpcNotify: JsonRpcNotificationMessage(2.0, build/logMessage, {"type":1,"message":"/home/vboxuser/Desktop/RISCV/src/main/scala/core/ALU.scala:48:8: not found: value ALU_SUB"})[0m
[0m[[0m[0mdebug[0m] [0m[0mjsonRpcNotify: JsonRpcNotificationMessage(2.0, build/logMessage, {"type":1,"message":"    is(ALU_SUB) {"})[0m
[0m[[0m[0mdebug[0m] [0m[0mjsonRpcNotify: JsonRpcNotificationMessage(2.0, build/logMessage, {"type":1,"message":"       ^"})[0m
[0m[[0m[0mdebug[0m] [0m[0mjsonRpcNotify: JsonRpcNotificationMessage(2.0, build/publishDiagnostics, {"textDocument":{"uri":"file:///home/vboxuser/Desktop/RISCV/src/main/scala/core/ALU.scala"},"buildTarget":{"uri":"file:/home/vboxuser/Desktop/RISCV/#root/Compile"},"diagnostics":[{"range":{"start":{"line":50,"character":7},"end":{"line":50,"character":7}},"severity":1,"source":"sbt","message":"not found: value ALU_SRA","relatedInformation":[]}],"reset":false})[0m
[0m[[0m[31merror[0m] [0m[0m/home/vboxuser/Desktop/RISCV/src/main/scala/core/ALU.scala:51:8: not found: value ALU_SRA[0m
[0m[[0m[31merror[0m] [0m[0m    is(ALU_SRA) {[0m
[0m[[0m[31merror[0m] [0m[0m       ^[0m
[0m[[0m[0mdebug[0m] [0m[0mjsonRpcNotify: JsonRpcNotificationMessage(2.0, build/logMessage, {"type":1,"message":"/home/vboxuser/Desktop/RISCV/src/main/scala/core/ALU.scala:51:8: not found: value ALU_SRA"})[0m
[0m[[0m[0mdebug[0m] [0m[0mjsonRpcNotify: JsonRpcNotificationMessage(2.0, build/logMessage, {"type":1,"message":"    is(ALU_SRA) {"})[0m
[0m[[0m[0mdebug[0m] [0m[0mjsonRpcNotify: JsonRpcNotificationMessage(2.0, build/logMessage, {"type":1,"message":"       ^"})[0m
[0m[[0m[0mdebug[0m] [0m[0mjsonRpcNotify: JsonRpcNotificationMessage(2.0, build/publishDiagnostics, {"textDocument":{"uri":"file:///home/vboxuser/Desktop/RISCV/src/main/scala/core/ALU.scala"},"buildTarget":{"uri":"file:/home/vboxuser/Desktop/RISCV/#root/Compile"},"diagnostics":[{"range":{"start":{"line":53,"character":7},"end":{"line":53,"character":7}},"severity":1,"source":"sbt","message":"not found: value ALU_BEQ","relatedInformation":[]}],"reset":false})[0m
[0m[[0m[31merror[0m] [0m[0m/home/vboxuser/Desktop/RISCV/src/main/scala/core/ALU.scala:54:8: not found: value ALU_BEQ[0m
[0m[[0m[31merror[0m] [0m[0m    is(ALU_BEQ) {[0m
[0m[[0m[31merror[0m] [0m[0m       ^[0m
[0m[[0m[0mdebug[0m] [0m[0mjsonRpcNotify: JsonRpcNotificationMessage(2.0, build/logMessage, {"type":1,"message":"/home/vboxuser/Desktop/RISCV/src/main/scala/core/ALU.scala:54:8: not found: value ALU_BEQ"})[0m
[0m[[0m[0mdebug[0m] [0m[0mjsonRpcNotify: JsonRpcNotificationMessage(2.0, build/logMessage, {"type":1,"message":"    is(ALU_BEQ) {"})[0m
[0m[[0m[0mdebug[0m] [0m[0mjsonRpcNotify: JsonRpcNotificationMessage(2.0, build/logMessage, {"type":1,"message":"       ^"})[0m
[0m[[0m[0mdebug[0m] [0m[0mjsonRpcNotify: JsonRpcNotificationMessage(2.0, build/publishDiagnostics, {"textDocument":{"uri":"file:///home/vboxuser/Desktop/RISCV/src/main/scala/core/ALU.scala"},"buildTarget":{"uri":"file:/home/vboxuser/Desktop/RISCV/#root/Compile"},"diagnostics":[{"range":{"start":{"line":56,"character":7},"end":{"line":56,"character":7}},"severity":1,"source":"sbt","message":"not found: value ALU_BNE","relatedInformation":[]}],"reset":false})[0m
[0m[[0m[31merror[0m] [0m[0m/home/vboxuser/Desktop/RISCV/src/main/scala/core/ALU.scala:57:8: not found: value ALU_BNE[0m
[0m[[0m[31merror[0m] [0m[0m    is(ALU_BNE) {[0m
[0m[[0m[31merror[0m] [0m[0m       ^[0m
[0m[[0m[0mdebug[0m] [0m[0mjsonRpcNotify: JsonRpcNotificationMessage(2.0, build/logMessage, {"type":1,"message":"/home/vboxuser/Desktop/RISCV/src/main/scala/core/ALU.scala:57:8: not found: value ALU_BNE"})[0m
[0m[[0m[0mdebug[0m] [0m[0mjsonRpcNotify: JsonRpcNotificationMessage(2.0, build/logMessage, {"type":1,"message":"    is(ALU_BNE) {"})[0m
[0m[[0m[0mdebug[0m] [0m[0mjsonRpcNotify: JsonRpcNotificationMessage(2.0, build/logMessage, {"type":1,"message":"       ^"})[0m
[0m[[0m[0mdebug[0m] [0m[0mjsonRpcNotify: JsonRpcNotificationMessage(2.0, build/publishDiagnostics, {"textDocument":{"uri":"file:///home/vboxuser/Desktop/RISCV/src/main/scala/core/ALU.scala"},"buildTarget":{"uri":"file:/home/vboxuser/Desktop/RISCV/#root/Compile"},"diagnostics":[{"range":{"start":{"line":59,"character":7},"end":{"line":59,"character":7}},"severity":1,"source":"sbt","message":"not found: value ALU_BGE","relatedInformation":[]}],"reset":false})[0m
[0m[[0m[31merror[0m] [0m[0m/home/vboxuser/Desktop/RISCV/src/main/scala/core/ALU.scala:60:8: not found: value ALU_BGE[0m
[0m[[0m[31merror[0m] [0m[0m    is(ALU_BGE) {[0m
[0m[[0m[31merror[0m] [0m[0m       ^[0m
[0m[[0m[0mdebug[0m] [0m[0mjsonRpcNotify: JsonRpcNotificationMessage(2.0, build/logMessage, {"type":1,"message":"/home/vboxuser/Desktop/RISCV/src/main/scala/core/ALU.scala:60:8: not found: value ALU_BGE"})[0m
[0m[[0m[0mdebug[0m] [0m[0mjsonRpcNotify: JsonRpcNotificationMessage(2.0, build/logMessage, {"type":1,"message":"    is(ALU_BGE) {"})[0m
[0m[[0m[0mdebug[0m] [0m[0mjsonRpcNotify: JsonRpcNotificationMessage(2.0, build/logMessage, {"type":1,"message":"       ^"})[0m
[0m[[0m[0mdebug[0m] [0m[0mjsonRpcNotify: JsonRpcNotificationMessage(2.0, build/publishDiagnostics, {"textDocument":{"uri":"file:///home/vboxuser/Desktop/RISCV/src/main/scala/core/ALU.scala"},"buildTarget":{"uri":"file:/home/vboxuser/Desktop/RISCV/#root/Compile"},"diagnostics":[{"range":{"start":{"line":62,"character":7},"end":{"line":62,"character":7}},"severity":1,"source":"sbt","message":"not found: value ALU_BGEU","relatedInformation":[]}],"reset":false})[0m
[0m[[0m[31merror[0m] [0m[0m/home/vboxuser/Desktop/RISCV/src/main/scala/core/ALU.scala:63:8: not found: value ALU_BGEU[0m
[0m[[0m[31merror[0m] [0m[0m    is(ALU_BGEU) {[0m
[0m[[0m[31merror[0m] [0m[0m       ^[0m
[0m[[0m[0mdebug[0m] [0m[0mjsonRpcNotify: JsonRpcNotificationMessage(2.0, build/logMessage, {"type":1,"message":"/home/vboxuser/Desktop/RISCV/src/main/scala/core/ALU.scala:63:8: not found: value ALU_BGEU"})[0m
[0m[[0m[0mdebug[0m] [0m[0mjsonRpcNotify: JsonRpcNotificationMessage(2.0, build/logMessage, {"type":1,"message":"    is(ALU_BGEU) {"})[0m
[0m[[0m[0mdebug[0m] [0m[0mjsonRpcNotify: JsonRpcNotificationMessage(2.0, build/logMessage, {"type":1,"message":"       ^"})[0m
[0m[[0m[0mdebug[0m] [0m[0mjsonRpcNotify: JsonRpcNotificationMessage(2.0, build/publishDiagnostics, {"textDocument":{"uri":"file:///home/vboxuser/Desktop/RISCV/src/main/scala/core/ALU.scala"},"buildTarget":{"uri":"file:/home/vboxuser/Desktop/RISCV/#root/Compile"},"diagnostics":[{"range":{"start":{"line":65,"character":7},"end":{"line":65,"character":7}},"severity":1,"source":"sbt","message":"not found: value ALU_COPY_A","relatedInformation":[]}],"reset":false})[0m
[0m[[0m[31merror[0m] [0m[0m/home/vboxuser/Desktop/RISCV/src/main/scala/core/ALU.scala:66:8: not found: value ALU_COPY_A[0m
[0m[[0m[31merror[0m] [0m[0m    is(ALU_COPY_A) {[0m
[0m[[0m[31merror[0m] [0m[0m       ^[0m
[0m[[0m[0mdebug[0m] [0m[0mjsonRpcNotify: JsonRpcNotificationMessage(2.0, build/logMessage, {"type":1,"message":"/home/vboxuser/Desktop/RISCV/src/main/scala/core/ALU.scala:66:8: not found: value ALU_COPY_A"})[0m
[0m[[0m[0mdebug[0m] [0m[0mjsonRpcNotify: JsonRpcNotificationMessage(2.0, build/logMessage, {"type":1,"message":"    is(ALU_COPY_A) {"})[0m
[0m[[0m[0mdebug[0m] [0m[0mjsonRpcNotify: JsonRpcNotificationMessage(2.0, build/logMessage, {"type":1,"message":"       ^"})[0m
[0m[[0m[0mdebug[0m] [0m[0mjsonRpcNotify: JsonRpcNotificationMessage(2.0, build/publishDiagnostics, {"textDocument":{"uri":"file:///home/vboxuser/Desktop/RISCV/src/main/scala/core/ALUControl.scala"},"buildTarget":{"uri":"file:/home/vboxuser/Desktop/RISCV/#root/Compile"},"diagnostics":[{"range":{"start":{"line":17,"character":27},"end":{"line":17,"character":27}},"severity":1,"source":"sbt","message":"not found: type InstrDecoder_ALUCtrl_Interface","relatedInformation":[]}],"reset":false})[0m
[0m[[0m[31merror[0m] [0m[0m/home/vboxuser/Desktop/RISCV/src/main/scala/core/ALUControl.scala:18:28: not found: type InstrDecoder_ALUCtrl_Interface[0m
[0m[[0m[31merror[0m] [0m[0m    val func = Flipped(new InstrDecoder_ALUCtrl_Interface)[0m
[0m[[0m[31merror[0m] [0m[0m                           ^[0m
[0m[[0m[0mdebug[0m] [0m[0mjsonRpcNotify: JsonRpcNotificationMessage(2.0, build/logMessage, {"type":1,"message":"/home/vboxuser/Desktop/RISCV/src/main/scala/core/ALUControl.scala:18:28: not found: type InstrDecoder_ALUCtrl_Interface"})[0m
[0m[[0m[0mdebug[0m] [0m[0mjsonRpcNotify: JsonRpcNotificationMessage(2.0, build/logMessage, {"type":1,"message":"    val func = Flipped(new InstrDecoder_ALUCtrl_Interface)"})[0m
[0m[[0m[0mdebug[0m] [0m[0mjsonRpcNotify: JsonRpcNotificationMessage(2.0, build/logMessage, {"type":1,"message":"                           ^"})[0m
[0m[[0m[0mdebug[0m] [0m[0mjsonRpcNotify: JsonRpcNotificationMessage(2.0, build/publishDiagnostics, {"textDocument":{"uri":"file:///home/vboxuser/Desktop/RISCV/src/main/scala/core/ALUControl.scala"},"buildTarget":{"uri":"file:/home/vboxuser/Desktop/RISCV/#root/Compile"},"diagnostics":[{"range":{"start":{"line":20,"character":31},"end":{"line":20,"character":31}},"severity":1,"source":"sbt","message":"not found: type PriorotyEncoder","relatedInformation":[]}],"reset":false})[0m
[0m[[0m[31merror[0m] [0m[0m/home/vboxuser/Desktop/RISCV/src/main/scala/core/ALUControl.scala:21:32: not found: type PriorotyEncoder[0m
[0m[[0m[31merror[0m] [0m[0m  val pri_encoder = Module(new PriorotyEncoder())[0m
[0m[[0m[31merror[0m] [0m[0m                               ^[0m
[0m[[0m[0mdebug[0m] [0m[0mjsonRpcNotify: JsonRpcNotificationMessage(2.0, build/logMessage, {"type":1,"message":"/home/vboxuser/Desktop/RISCV/src/main/scala/core/ALUControl.scala:21:32: not found: type PriorotyEncoder"})[0m
[0m[[0m[0mdebug[0m] [0m[0mjsonRpcNotify: JsonRpcNotificationMessage(2.0, build/logMessage, {"type":1,"message":"  val pri_encoder = Module(new PriorotyEncoder())"})[0m
[0m[[0m[0mdebug[0m] [0m[0mjsonRpcNotify: JsonRpcNotificationMessage(2.0, build/logMessage, {"type":1,"message":"                               ^"})[0m
[0m[[0m[0mdebug[0m] [0m[0mjsonRpcNotify: JsonRpcNotificationMessage(2.0, build/publishDiagnostics, {"textDocument":{"uri":"file:///home/vboxuser/Desktop/RISCV/src/main/scala/core/Top.scala"},"buildTarget":{"uri":"file:/home/vboxuser/Desktop/RISCV/#root/Compile"},"diagnostics":[{"range":{"start":{"line":23,"character":30},"end":{"line":23,"character":30}},"severity":1,"source":"sbt","message":"not found: type ALUControl","relatedInformation":[]}],"reset":false})[0m
[0m[[0m[0mdebug[0m] [0m[0mjsonRpcRequest: JsonRpcRequestMessage(2.0, 6d9f2b4b-9f10-44c8-bce8-92704b5014fa, sbt/terminalPropertiesQuery, ""})[0m
[0m[[0m[31merror[0m] [0m[0m/home/vboxuser/Desktop/RISCV/src/main/scala/core/Top.scala:24:31: not found: type ALUControl[0m
[0m[[0m[31merror[0m] [0m[0m  val AluControl = Module(new ALUControl)[0m
[0m[[0m[31merror[0m] [0m[0m                              ^[0m
[0m[[0m[0mdebug[0m] [0m[0mjsonRpcNotify: JsonRpcNotificationMessage(2.0, build/logMessage, {"type":1,"message":"/home/vboxuser/Desktop/RISCV/src/main/scala/core/Top.scala:24:31: not found: type ALUControl"})[0m
[0m[[0m[0mdebug[0m] [0m[0mjsonRpcNotify: JsonRpcNotificationMessage(2.0, build/logMessage, {"type":1,"message":"  val AluControl = Module(new ALUControl)"})[0m
[0m[[0m[0mdebug[0m] [0m[0mjsonRpcNotify: JsonRpcNotificationMessage(2.0, build/logMessage, {"type":1,"message":"                              ^"})[0m
[0m[[0m[0mdebug[0m] [0m[0mjsonRpcNotify: JsonRpcNotificationMessage(2.0, build/publishDiagnostics, {"textDocument":{"uri":"file:///home/vboxuser/Desktop/RISCV/src/main/scala/core/Top.scala"},"buildTarget":{"uri":"file:/home/vboxuser/Desktop/RISCV/#root/Compile"},"diagnostics":[{"range":{"start":{"line":24,"character":30},"end":{"line":24,"character":30}},"severity":1,"source":"sbt","message":"not found: type ALU","relatedInformation":[]}],"reset":false})[0m
[0m[[0m[31merror[0m] [0m[0m/home/vboxuser/Desktop/RISCV/src/main/scala/core/Top.scala:25:31: not found: type ALU[0m
[0m[[0m[31merror[0m] [0m[0m  val ALU        = Module(new ALU)[0m
[0m[[0m[31merror[0m] [0m[0m                              ^[0m
[0m[[0m[0mdebug[0m] [0m[0mjsonRpcNotify: JsonRpcNotificationMessage(2.0, build/logMessage, {"type":1,"message":"/home/vboxuser/Desktop/RISCV/src/main/scala/core/Top.scala:25:31: not found: type ALU"})[0m
[0m[[0m[0mdebug[0m] [0m[0mjsonRpcNotify: JsonRpcNotificationMessage(2.0, build/logMessage, {"type":1,"message":"  val ALU        = Module(new ALU)"})[0m
[0m[[0m[0mdebug[0m] [0m[0mjsonRpcNotify: JsonRpcNotificationMessage(2.0, build/logMessage, {"type":1,"message":"                              ^"})[0m
[0m[[0m[31merror[0m] [0m[0m23 errors found[0m
[0m[[0m[0mdebug[0m] [0m[0mjsonRpcNotify: JsonRpcNotificationMessage(2.0, build/logMessage, {"type":1,"message":"23 errors found"})[0m
[0m[[0m[0mdebug[0m] [0m[0mjsonRpcNotify: JsonRpcNotificationMessage(2.0, build/publishDiagnostics, {"textDocument":{"uri":"file:///home/vboxuser/Desktop/RISCV/src/main/scala/core/ALUControl.scala"},"buildTarget":{"uri":"file:/home/vboxuser/Desktop/RISCV/#root/Compile"},"diagnostics":[{"range":{"start":{"line":17,"character":27},"end":{"line":17,"character":27}},"severity":1,"source":"sbt","message":"not found: type InstrDecoder_ALUCtrl_Interface","relatedInformation":[]},{"range":{"start":{"line":20,"character":31},"end":{"line":20,"character":31}},"severity":1,"source":"sbt","message":"not found: type PriorotyEncoder","relatedInformation":[]}],"reset":true})[0m
[0m[[0m[0mdebug[0m] [0m[0mjsonRpcNotify: JsonRpcNotificationMessage(2.0, build/publishDiagnostics, {"textDocument":{"uri":"file:///home/vboxuser/Desktop/RISCV/src/main/scala/core/RegFile.scala"},"buildTarget":{"uri":"file:/home/vboxuser/Desktop/RISCV/#root/Compile"},"diagnostics":[],"reset":true})[0m
[0m[[0m[0mdebug[0m] [0m[0mjsonRpcNotify: JsonRpcNotificationMessage(2.0, build/publishDiagnostics, {"textDocument":{"uri":"file:///home/vboxuser/Desktop/RISCV/src/main/scala/core/ALU.scala"},"buildTarget":{"uri":"file:/home/vboxuser/Desktop/RISCV/#root/Compile"},"diagnostics":[{"range":{"start":{"line":4,"character":7},"end":{"line":4,"character":7}},"severity":1,"source":"sbt","message":"not found: object AluOp","relatedInformation":[]},{"range":{"start":{"line":15,"character":29},"end":{"line":15,"character":29}},"severity":1,"source":"sbt","message":"not found: type Branch","relatedInformation":[]},{"range":{"start":{"line":20,"character":7},"end":{"line":20,"character":7}},"severity":1,"source":"sbt","message":"not found: value ALU_ADD","relatedInformation":[]},{"range":{"start":{"line":23,"character":7},"end":{"line":23,"character":7}},"severity":1,"source":"sbt","message":"not found: value ALU_SLL","relatedInformation":[]},{"range":{"start":{"line":26,"character":7},"end":{"line":26,"character":7}},"severity":1,"source":"sbt","message":"not found: value ALU_SLT","relatedInformation":[]},{"range":{"start":{"line":26,"character":16},"end":{"line":26,"character":16}},"severity":1,"source":"sbt","message":"not found: value ALU_BLT","relatedInformation":[]},{"range":{"start":{"line":29,"character":7},"end":{"line":29,"character":7}},"severity":1,"source":"sbt","message":"not found: value ALU_SLTU","relatedInformation":[]},{"range":{"start":{"line":29,"character":17},"end":{"line":29,"character":17}},"severity":1,"source":"sbt","message":"not found: value ALU_BLTU","relatedInformation":[]},{"range":{"start":{"line":32,"character":7},"end":{"line":32,"character":7}},"severity":1,"source":"sbt","message":"not found: value ALU_XOR","relatedInformation":[]},{"range":{"start":{"line":35,"character":7},"end":{"line":35,"character":7}},"severity":1,"source":"sbt","message":"not found: value ALU_SRL","relatedInformation":[]},{"range":{"start":{"line":41,"character":7},"end":{"line":41,"character":7}},"severity":1,"source":"sbt","message":"not found: value ALU_OR","relatedInformation":[]},{"range":{"start":{"line":44,"character":7},"end":{"line":44,"character":7}},"severity":1,"source":"sbt","message":"not found: value ALU_AND","relatedInformation":[]},{"range":{"start":{"line":47,"character":7},"end":{"line":47,"character":7}},"severity":1,"source":"sbt","message":"not found: value ALU_SUB","relatedInformation":[]},{"range":{"start":{"line":50,"character":7},"end":{"line":50,"character":7}},"severity":1,"source":"sbt","message":"not found: value ALU_SRA","relatedInformation":[]},{"range":{"start":{"line":53,"character":7},"end":{"line":53,"character":7}},"severity":1,"source":"sbt","message":"not found: value ALU_BEQ","relatedInformation":[]},{"range":{"start":{"line":56,"character":7},"end":{"line":56,"character":7}},"severity":1,"source":"sbt","message":"not found: value ALU_BNE","relatedInformation":[]},{"range":{"start":{"line":59,"character":7},"end":{"line":59,"character":7}},"severity":1,"source":"sbt","message":"not found: value ALU_BGE","relatedInformation":[]},{"range":{"start":{"line":62,"character":7},"end":{"line":62,"character":7}},"severity":1,"source":"sbt","message":"not found: value ALU_BGEU","relatedInformation":[]},{"range":{"start":{"line":65,"character":7},"end":{"line":65,"character":7}},"severity":1,"source":"sbt","message":"not found: value ALU_COPY_A","relatedInformation":[]}],"reset":true})[0m
[0m[[0m[0mdebug[0m] [0m[0mjsonRpcNotify: JsonRpcNotificationMessage(2.0, build/publishDiagnostics, {"textDocument":{"uri":"file:///home/vboxuser/Desktop/RISCV/src/main/scala/core/AluOpController.scala"},"buildTarget":{"uri":"file:/home/vboxuser/Desktop/RISCV/#root/Compile"},"diagnostics":[],"reset":true})[0m
[0m[[0m[0mdebug[0m] [0m[0mjsonRpcNotify: JsonRpcNotificationMessage(2.0, build/publishDiagnostics, {"textDocument":{"uri":"file:///home/vboxuser/Desktop/RISCV/src/main/scala/core/NextPc.scala"},"buildTarget":{"uri":"file:/home/vboxuser/Desktop/RISCV/#root/Compile"},"diagnostics":[],"reset":true})[0m
[0m[[0m[0mdebug[0m] [0m[0mjsonRpcNotify: JsonRpcNotificationMessage(2.0, build/publishDiagnostics, {"textDocument":{"uri":"file:///home/vboxuser/Desktop/RISCV/src/main/scala/core/PriorityEncoder.scala"},"buildTarget":{"uri":"file:/home/vboxuser/Desktop/RISCV/#root/Compile"},"diagnostics":[],"reset":true})[0m
[0m[[0m[0mdebug[0m] [0m[0mjsonRpcNotify: JsonRpcNotificationMessage(2.0, build/publishDiagnostics, {"textDocument":{"uri":"file:///home/vboxuser/Desktop/RISCV/src/main/scala/core/TypeControl.scala"},"buildTarget":{"uri":"file:/home/vboxuser/Desktop/RISCV/#root/Compile"},"diagnostics":[],"reset":true})[0m
[0m[[0m[0mdebug[0m] [0m[0mjsonRpcNotify: JsonRpcNotificationMessage(2.0, build/publishDiagnostics, {"textDocument":{"uri":"file:///home/vboxuser/Desktop/RISCV/src/main/scala/core/ProgramCounter.scala"},"buildTarget":{"uri":"file:/home/vboxuser/Desktop/RISCV/#root/Compile"},"diagnostics":[],"reset":true})[0m
[0m[[0m[0mdebug[0m] [0m[0mjsonRpcNotify: JsonRpcNotificationMessage(2.0, build/publishDiagnostics, {"textDocument":{"uri":"file:///home/vboxuser/Desktop/RISCV/src/main/scala/core/InstMem.scala"},"buildTarget":{"uri":"file:/home/vboxuser/Desktop/RISCV/#root/Compile"},"diagnostics":[],"reset":true})[0m
[0m[[0m[0mdebug[0m] [0m[0mjsonRpcNotify: JsonRpcNotificationMessage(2.0, build/publishDiagnostics, {"textDocument":{"uri":"file:///home/vboxuser/Desktop/RISCV/src/main/scala/core/Jalr.scala"},"buildTarget":{"uri":"file:/home/vboxuser/Desktop/RISCV/#root/Compile"},"diagnostics":[],"reset":true})[0m
[0m[[0m[0mdebug[0m] [0m[0mjsonRpcNotify: JsonRpcNotificationMessage(2.0, build/publishDiagnostics, {"textDocument":{"uri":"file:///home/vboxuser/Desktop/RISCV/src/main/scala/core/Top.scala"},"buildTarget":{"uri":"file:/home/vboxuser/Desktop/RISCV/#root/Compile"},"diagnostics":[{"range":{"start":{"line":23,"character":30},"end":{"line":23,"character":30}},"severity":1,"source":"sbt","message":"not found: type ALUControl","relatedInformation":[]},{"range":{"start":{"line":24,"character":30},"end":{"line":24,"character":30}},"severity":1,"source":"sbt","message":"not found: type ALU","relatedInformation":[]}],"reset":true})[0m
[0m[[0m[0mdebug[0m] [0m[0mjsonRpcNotify: JsonRpcNotificationMessage(2.0, build/publishDiagnostics, {"textDocument":{"uri":"file:///home/vboxuser/Desktop/RISCV/src/main/scala/core/OperandA_sel.scala"},"buildTarget":{"uri":"file:/home/vboxuser/Desktop/RISCV/#root/Compile"},"diagnostics":[],"reset":true})[0m
[0m[[0m[0mdebug[0m] [0m[0mjsonRpcNotify: JsonRpcNotificationMessage(2.0, build/publishDiagnostics, {"textDocument":{"uri":"file:///home/vboxuser/Desktop/RISCV/src/main/scala/core/Imm_gen.scala"},"buildTarget":{"uri":"file:/home/vboxuser/Desktop/RISCV/#root/Compile"},"diagnostics":[],"reset":true})[0m
[0m[[0m[0mdebug[0m] [0m[0mjsonRpcNotify: JsonRpcNotificationMessage(2.0, build/publishDiagnostics, {"textDocument":{"uri":"file:///home/vboxuser/Desktop/RISCV/src/main/scala/core/Controller.scala"},"buildTarget":{"uri":"file:/home/vboxuser/Desktop/RISCV/#root/Compile"},"diagnostics":[],"reset":true})[0m
[0m[[0m[0mdebug[0m] [0m[0mjsonRpcNotify: JsonRpcNotificationMessage(2.0, build/publishDiagnostics, {"textDocument":{"uri":"file:///home/vboxuser/Desktop/RISCV/src/main/scala/core/ALUOP.scala"},"buildTarget":{"uri":"file:/home/vboxuser/Desktop/RISCV/#root/Compile"},"diagnostics":[],"reset":true})[0m
[0m[[0m[0mdebug[0m] [0m[0mjsonRpcNotify: JsonRpcNotificationMessage(2.0, build/publishDiagnostics, {"textDocument":{"uri":"file:///home/vboxuser/Desktop/RISCV/src/main/scala/core/SignalControl.scala"},"buildTarget":{"uri":"file:/home/vboxuser/Desktop/RISCV/#root/Compile"},"diagnostics":[],"reset":true})[0m
[0m[[0m[0mdebug[0m] [0m[0mjsonRpcNotify: JsonRpcNotificationMessage(2.0, build/publishDiagnostics, {"textDocument":{"uri":"file:///home/vboxuser/Desktop/RISCV/src/main/scala/core/DataMem.scala"},"buildTarget":{"uri":"file:/home/vboxuser/Desktop/RISCV/#root/Compile"},"diagnostics":[],"reset":true})[0m
[0m[[0m[0mdebug[0m] [0m[0mjsonRpcNotify: JsonRpcNotificationMessage(2.0, build/taskFinish, {"taskId":{"id":"1","parents":[]},"eventTime":1790018595882,"message":"Compiled root","status":2,"dataKind":"compile-report","data":{"target":{"uri":"file:/home/vboxuser/Desktop/RISCV/#root/Compile"},"errors":23,"warnings":0,"time":5716}})[0m
[0m[[0m[0mdebug[0m] [0m[0munmatched json error for requestId Some(__a5e445fc-1b98-4a00-b989-96a695acf06e): {"code":-32603,"message":"(Compile / \u001b[31mcompileIncremental\u001b[0m) Compilation failed"}[0m
[0m[[0m[31merror[0m] [0m[0m(Compile / [31mcompileIncremental[0m) Compilation failed[0m
[0m[[0m[0mdebug[0m] [0m[0mjsonRpcNotify: JsonRpcNotificationMessage(2.0, build/logMessage, {"type":1,"message":"(Compile / \u001b[31mcompileIncremental\u001b[0m) Compilation failed"})[0m
[0m[[0m[31merror[0m] [0m[0mNo tests match the patterns: TopTest[0m
[0m[[0m[31merror[0m] [0m[0mThe following patterns were specified but no tests were found in any subproject:[0m
[0m[[0m[31merror[0m] [0m[0m  - TopTest[0m
[0m[[0m[31merror[0m] [0m[0mAvailable tests:[0m
[0m[[0m[0mdebug[0m] [0m[0m> Exec(resumeFromFailure, None, None)[0m
[0m[[0m[0mdebug[0m] [0m[0m> Exec(sbtPopOnFailure, None, None)[0m
[0m[[0m[0mdebug[0m] [0m[0m> Exec(sbtReportResult 18d93668-f958-4996-b53c-5539375caa5b, Some(18d93668-f958-4996-b53c-5539375caa5b), Some(CommandSource(network-1)))[0m
[0m[[0m[0mdebug[0m] [0m[0munmatched Processing event for requestId Some(18d93668-f958-4996-b53c-5539375caa5b): None[0m
[0m[[0m[0mdebug[0m] [0m[0munmatched json error for requestId Some(18d93668-f958-4996-b53c-5539375caa5b): {"code":-33000,"message":""}[0m
[0m[[0m[0mdebug[0m] [0m[0m> Exec(shell, None, None)[0m
[0m[[0m[0mdebug[0m] [0m[0mjsonRpcRequest: JsonRpcRequestMessage(2.0, ceb6e314-3c45-4c55-8c59-a716e70c0baa, sbt/getTerminalAttributes, {}})[0m
[0m[[0m[0mdebug[0m] [0m[0mjsonRpcRequest: JsonRpcRequestMessage(2.0, cb4687b0-ecb0-4d1d-bb20-e70c2a9c5178, sbt/terminalSetRawMode, {"toggle":true}})[0m
[0m[[0m[0mdebug[0m] [0m[0mjsonRpcRequest: JsonRpcRequestMessage(2.0, 6572c3bc-11ce-4390-8066-ec7004f675cc, sbt/getTerminalAttributes, {}})[0m
[0m[[0m[0mdebug[0m] [0m[0mjsonRpcNotify: JsonRpcNotificationMessage(2.0, sbt/readSystemIn, "")[0m
[0m[[0m[0mdebug[0m] [0m[0mjsonRpcNotify: JsonRpcNotificationMessage(2.0, shutdown, [true,null])[0m
[0m[[0m[0mdebug[0m] [0m[0mjsonRpcNotify: JsonRpcNotificationMessage(2.0, shutdown, [false,null])[0m
[0m[[0m[0mdebug[0m] [0m[0mjsonRpcNotify: JsonRpcNotificationMessage(2.0, shutdown, [true,null])[0m
[0m[[0m[0mdebug[0m] [0m[0mjsonRpcNotify: JsonRpcNotificationMessage(2.0, shutdown, [false,null])[0m
